#-----------------------------------------------------------
# PlanAhead v14.7 (64-bit)
# Build 321239 by xbuild on Fri Sep 27 19:29:51 MDT 2013
# Start of session at: Fri Mar 06 17:03:31 2026
# Process ID: 2376
# Log file: C:/FRKT/shev/Lab401N/planAhead_run_4/planAhead.log
# Journal file: C:/FRKT/shev/Lab401N/planAhead_run_4/planAhead.jou
#-----------------------------------------------------------
INFO: [Common 17-78] Attempting to get a license: PlanAhead
INFO: [Common 17-290] Got license for PlanAhead
INFO: [Common 17-86] Your PlanAhead license expires in -399 day(s)
INFO: [Device 21-36] Loading parts and site information from C:/Xilinx/14.7/ISE_DS/PlanAhead/data/parts/arch.xml
Parsing RTL primitives file [C:/Xilinx/14.7/ISE_DS/PlanAhead/data/parts/xilinx/rtl/prims/rtl_prims.xml]
Finished parsing RTL primitives file [C:/Xilinx/14.7/ISE_DS/PlanAhead/data/parts/xilinx/rtl/prims/rtl_prims.xml]
start_gui
source C:/FRKT/shev/Lab401N/pa.fromNetlist.tcl
# create_project -name Lab401N -dir "C:/FRKT/shev/Lab401N/planAhead_run_4" -part xc3s500efg320-5
# set_property design_mode GateLvl [get_property srcset [current_run -impl]]
# set_property edif_top_file "C:/FRKT/shev/Lab401N/Sch1_lab401.ngc" [ get_property srcset [ current_run ] ]
# add_files -norecurse { {C:/FRKT/shev/Lab401N} }
# set_property target_constrs_file "Sch1_lab401.ucf" [current_fileset -constrset]
Adding file 'C:/FRKT/shev/Lab401N/Sch1_lab401.ucf' to fileset 'constrs_1'
# add_files [list {Sch1_lab401.ucf}] -fileset [get_property constrset [current_run]]
# link_design
Design is defaulting to srcset: sources_1
Design is defaulting to constrset: constrs_1
Design is defaulting to project part: xc3s500efg320-5
ERROR: [Designutils 20-396] Could not read top design file [C:/FRKT/shev/Lab401N/Sch1_lab401.ngc] because temporary work directory could not be created

    while executing
"link_design"
    (file "C:/FRKT/shev/Lab401N/pa.fromNetlist.tcl" line 10)
exit
ERROR: [PlanAhead 12-106] *** Exception: ui.h.b: Found deleted key in HTclEventBroker. Verify if the classes listed here call cleanup()
HTclEvent: DEBUG_CORE_CONFIG_CHANGE   Classes: ui.views.aR 
HTclEvent: DEBUG_PORT_CONFIG_CHANGE   Classes: ui.views.aR 
HTclEvent: SIGNAL_BUS_MODIFY   Classes: ui.views.aR 
HTclEvent: SIGNAL_MODIFY   Classes: ui.views.aR 
 (See C:/FRKT/shev/Lab401N\planAhead_pid2376.debug)
ERROR: [Common 17-39] 'stop_gui' failed due to earlier errors.
INFO: [Common 17-206] Exiting PlanAhead at Fri Mar 06 17:07:00 2026...
INFO: [Common 17-83] Releasing license: PlanAhead
