--------------------------------------------------------------------------------
Release 14.7 Trace  (nt64)
Copyright (c) 1995-2013 Xilinx, Inc.  All rights reserved.

C:\Xilinx\14.7\ISE_DS\ISE\bin\nt64\unwrapped\trce.exe -intstyle ise -v 3 -s 5
-n 3 -fastpaths -xml Sch1_lab401.twx Sch1_lab401.ncd -o Sch1_lab401.twr
Sch1_lab401.pcf -ucf Sch1_lab401.ucf

Design file:              Sch1_lab401.ncd
Physical constraint file: Sch1_lab401.pcf
Device,package,speed:     xc3s500e,fg320,-5 (PRODUCTION 1.27 2013-10-13)
Report level:             verbose report

Environment Variable      Effect 
--------------------      ------ 
NONE                      No environment variables were set
--------------------------------------------------------------------------------

INFO:Timing:2698 - No timing constraints found, doing default enumeration.
INFO:Timing:3412 - To improve timing, see the Timing Closure User Guide (UG612).
INFO:Timing:2752 - To get complete path coverage, use the unconstrained paths 
   option. All paths that are not constrained will be reported in the 
   unconstrained paths section(s) of the report.
INFO:Timing:3339 - The clock-to-out numbers in this timing report are based on 
   a 50 Ohm transmission line loading model.  For the details of this model, 
   and for more information on accounting for different loading conditions, 
   please see the device datasheet.
INFO:Timing:3390 - This architecture does not support a default System Jitter 
   value, please add SYSTEM_JITTER constraint to the UCF to modify the Clock 
   Uncertainty calculation.
INFO:Timing:3389 - This architecture does not support 'Discrete Jitter' and 
   'Phase Error' calculations, these terms will be zero in the Clock 
   Uncertainty calculation.  Please make appropriate modification to 
   SYSTEM_JITTER to account for the unsupported Discrete Jitter and Phase 
   Error.



Data Sheet report:
-----------------
All values displayed in nanoseconds (ns)

Setup/Hold to clock F50MHz
------------+------------+------------+------------------+--------+
            |Max Setup to|Max Hold to |                  | Clock  |
Source      | clk (edge) | clk (edge) |Internal Clock(s) | Phase  |
------------+------------+------------+------------------+--------+
BTN0        |    2.236(R)|    0.584(R)|XLXN_68           |   0.000|
BTN1        |    1.228(R)|    0.267(R)|XLXN_68           |   0.000|
BTN3        |    1.561(R)|    0.861(R)|XLXN_68           |   0.000|
SW<0>       |   -0.061(R)|    1.175(R)|XLXN_68           |   0.000|
SW<1>       |    0.226(R)|    0.948(R)|XLXN_68           |   0.000|
SW<2>       |    0.269(R)|    0.912(R)|XLXN_68           |   0.000|
SW<3>       |    1.162(R)|    0.198(R)|XLXN_68           |   0.000|
SW<6>       |    3.411(R)|   -1.326(R)|XLXN_68           |   0.000|
SW<7>       |    1.369(R)|    0.235(R)|XLXN_68           |   0.000|
------------+------------+------------+------------------+--------+

Clock F50MHz to Pad
------------+------------+------------------+--------+
            | clk (edge) |                  | Clock  |
Destination |   to PAD   |Internal Clock(s) | Phase  |
------------+------------+------------------+--------+
AN<0>       |    7.897(R)|XLXN_68           |   0.000|
AN<1>       |    8.544(R)|XLXN_68           |   0.000|
AN<2>       |    8.849(R)|XLXN_68           |   0.000|
AN<3>       |    8.405(R)|XLXN_68           |   0.000|
seg<0>      |   11.748(R)|XLXN_68           |   0.000|
seg<1>      |   10.868(R)|XLXN_68           |   0.000|
seg<2>      |   10.718(R)|XLXN_68           |   0.000|
seg<3>      |   11.089(R)|XLXN_68           |   0.000|
seg<4>      |   10.948(R)|XLXN_68           |   0.000|
seg<5>      |   11.450(R)|XLXN_68           |   0.000|
seg<6>      |   11.308(R)|XLXN_68           |   0.000|
seg<7>      |    8.716(R)|XLXN_68           |   0.000|
------------+------------+------------------+--------+

Clock to Setup on destination clock F50MHz
---------------+---------+---------+---------+---------+
               | Src:Rise| Src:Fall| Src:Rise| Src:Fall|
Source Clock   |Dest:Rise|Dest:Rise|Dest:Fall|Dest:Fall|
---------------+---------+---------+---------+---------+
F50MHz         |    4.891|         |         |         |
---------------+---------+---------+---------+---------+

Pad to Pad
---------------+---------------+---------+
Source Pad     |Destination Pad|  Delay  |
---------------+---------------+---------+
SW<0>          |LED<0>         |    4.792|
SW<1>          |LED<1>         |    4.261|
SW<2>          |LED<2>         |    4.261|
SW<3>          |LED<3>         |    4.748|
SW<4>          |LED<4>         |    5.943|
SW<4>          |seg<7>         |    7.316|
SW<5>          |LED<5>         |    4.847|
SW<5>          |seg<7>         |    7.252|
SW<6>          |LED<6>         |    7.931|
SW<7>          |LED<7>         |    6.479|
---------------+---------------+---------+


Analysis completed Fri Mar 13 15:05:42 2026 
--------------------------------------------------------------------------------

Trace Settings:
-------------------------
Trace Settings 

Peak Memory Usage: 4509 MB



