Release 14.7 - xst P.20131013 (nt64)
Copyright (c) 1995-2013 Xilinx, Inc.  All rights reserved.
--> Parameter TMPDIR set to xst/projnav.tmp


Total REAL time to Xst completion: 1.00 secs
Total CPU time to Xst completion: 0.13 secs
 
--> Parameter xsthdpdir set to xst


Total REAL time to Xst completion: 1.00 secs
Total CPU time to Xst completion: 0.13 secs
 
--> Reading design: Sch1_lab401.prj

TABLE OF CONTENTS
  1) Synthesis Options Summary
  2) HDL Compilation
  3) Design Hierarchy Analysis
  4) HDL Analysis
  5) HDL Synthesis
     5.1) HDL Synthesis Report
  6) Advanced HDL Synthesis
     6.1) Advanced HDL Synthesis Report
  7) Low Level Synthesis
  8) Partition Report
  9) Final Report
	9.1) Device utilization summary
	9.2) Partition Resource Summary
	9.3) TIMING REPORT


=========================================================================
*                      Synthesis Options Summary                        *
=========================================================================
---- Source Parameters
Input File Name                    : "Sch1_lab401.prj"
Input Format                       : mixed
Ignore Synthesis Constraint File   : NO

---- Target Parameters
Output File Name                   : "Sch1_lab401"
Output Format                      : NGC
Target Device                      : xc3s500e-5-fg320

---- Source Options
Top Module Name                    : Sch1_lab401
Automatic FSM Extraction           : YES
FSM Encoding Algorithm             : Auto
Safe Implementation                : No
FSM Style                          : LUT
RAM Extraction                     : Yes
RAM Style                          : Auto
ROM Extraction                     : Yes
Mux Style                          : Auto
Decoder Extraction                 : YES
Priority Encoder Extraction        : Yes
Shift Register Extraction          : YES
Logical Shifter Extraction         : YES
XOR Collapsing                     : YES
ROM Style                          : Auto
Mux Extraction                     : Yes
Resource Sharing                   : YES
Asynchronous To Synchronous        : NO
Multiplier Style                   : Auto
Automatic Register Balancing       : No

---- Target Options
Add IO Buffers                     : YES
Global Maximum Fanout              : 100000
Add Generic Clock Buffer(BUFG)     : 24
Register Duplication               : YES
Slice Packing                      : YES
Optimize Instantiated Primitives   : NO
Use Clock Enable                   : Yes
Use Synchronous Set                : Yes
Use Synchronous Reset              : Yes
Pack IO Registers into IOBs        : Auto
Equivalent register Removal        : YES

---- General Options
Optimization Goal                  : Speed
Optimization Effort                : 1
Keep Hierarchy                     : No
Netlist Hierarchy                  : As_Optimized
RTL Output                         : Yes
Global Optimization                : AllClockNets
Read Cores                         : YES
Write Timing Constraints           : NO
Cross Clock Analysis               : NO
Hierarchy Separator                : /
Bus Delimiter                      : <>
Case Specifier                     : Maintain
Slice Utilization Ratio            : 100
BRAM Utilization Ratio             : 100
Verilog 2001                       : YES
Auto BRAM Packing                  : NO
Slice Utilization Ratio Delta      : 5

=========================================================================


=========================================================================
*                          HDL Compilation                              *
=========================================================================
Compiling verilog file "MUX16_4.v" in library work
Compiling verilog file "Gen_P.v" in library work
Module <MUX16_4> compiled
Compiling verilog file "Gen4an.v" in library work
Module <Gen_P> compiled
Compiling verilog file "Gen1ms.v" in library work
Module <Gen4an> compiled
Compiling verilog file "D7seg.v" in library work
Module <Gen1ms> compiled
Compiling verilog file "VCJ4RE.v" in library work
Module <D7seg> compiled
Compiling verilog file "VCD4RE.v" in library work
Module <VCJ4RE> compiled
Compiling verilog file "VCBmCLED.v" in library work
Module <VCD4RE> compiled
Compiling verilog file "VCB4RE.v" in library work
Module <VCBmCLED> compiled
Compiling verilog file "Gen_Nms_1s.v" in library work
Module <VCB4RE> compiled
Compiling verilog file "DISPLAY.v" in library work
Module <Gen_Nms_1s> compiled
Compiling verilog file "Debouncer.v" in library work
Module <DISPLAY> compiled
Compiling verilog file "Sch1_lab401.vf" in library work
Module <Debouncer> compiled
Module <OBUF8_MXILINX_Sch1_lab401> compiled
Module <Sch1_lab401> compiled
No errors in compilation
Analysis of file <"Sch1_lab401.prj"> succeeded.
 

=========================================================================
*                     Design Hierarchy Analysis                         *
=========================================================================
Analyzing hierarchy for module <Sch1_lab401> in library <work>.

Analyzing hierarchy for module <DISPLAY> in library <work>.

Analyzing hierarchy for module <Gen_Nms_1s> in library <work> with parameters.
	F1Hz = "00000000000000000000000000000001"
	F1kHz = "00000000000000000000001111101000"

Analyzing hierarchy for module <VCBmCLED> in library <work>.

Analyzing hierarchy for module <VCJ4RE> in library <work>.

Analyzing hierarchy for module <VCD4RE> in library <work>.

Analyzing hierarchy for module <VCB4RE> in library <work>.

Analyzing hierarchy for module <OBUF8_MXILINX_Sch1_lab401> in library <work>.

Analyzing hierarchy for module <Debouncer> in library <work>.

Analyzing hierarchy for module <Gen4an> in library <work>.

Analyzing hierarchy for module <MUX16_4> in library <work>.

Analyzing hierarchy for module <D7seg> in library <work>.

Analyzing hierarchy for module <Gen_P> in library <work>.

Analyzing hierarchy for module <Gen1ms> in library <work> with parameters.
	F1kHz = "00000000000000000000001111101000"
	Fclk = "00000010111110101111000010000000"

WARNING:Xst:2591 - "Sch1_lab401.vf" line 31: attribute on instance <DRIVE> overrides generic/parameter on entity. It is possible that simulator will not take this attribute into account.
WARNING:Xst:2591 - "Sch1_lab401.vf" line 31: attribute on instance <IOSTANDARD> overrides generic/parameter on entity. It is possible that simulator will not take this attribute into account.
WARNING:Xst:2591 - "Sch1_lab401.vf" line 31: attribute on instance <SLEW> overrides generic/parameter on entity. It is possible that simulator will not take this attribute into account.
WARNING:Xst:2591 - "Sch1_lab401.vf" line 34: attribute on instance <DRIVE> overrides generic/parameter on entity. It is possible that simulator will not take this attribute into account.
WARNING:Xst:2591 - "Sch1_lab401.vf" line 34: attribute on instance <IOSTANDARD> overrides generic/parameter on entity. It is possible that simulator will not take this attribute into account.
WARNING:Xst:2591 - "Sch1_lab401.vf" line 34: attribute on instance <SLEW> overrides generic/parameter on entity. It is possible that simulator will not take this attribute into account.
WARNING:Xst:2591 - "Sch1_lab401.vf" line 37: attribute on instance <DRIVE> overrides generic/parameter on entity. It is possible that simulator will not take this attribute into account.
WARNING:Xst:2591 - "Sch1_lab401.vf" line 37: attribute on instance <IOSTANDARD> overrides generic/parameter on entity. It is possible that simulator will not take this attribute into account.
WARNING:Xst:2591 - "Sch1_lab401.vf" line 37: attribute on instance <SLEW> overrides generic/parameter on entity. It is possible that simulator will not take this attribute into account.
WARNING:Xst:2591 - "Sch1_lab401.vf" line 40: attribute on instance <DRIVE> overrides generic/parameter on entity. It is possible that simulator will not take this attribute into account.
WARNING:Xst:2591 - "Sch1_lab401.vf" line 40: attribute on instance <IOSTANDARD> overrides generic/parameter on entity. It is possible that simulator will not take this attribute into account.
WARNING:Xst:2591 - "Sch1_lab401.vf" line 40: attribute on instance <SLEW> overrides generic/parameter on entity. It is possible that simulator will not take this attribute into account.
WARNING:Xst:2591 - "Sch1_lab401.vf" line 43: attribute on instance <DRIVE> overrides generic/parameter on entity. It is possible that simulator will not take this attribute into account.
WARNING:Xst:2591 - "Sch1_lab401.vf" line 43: attribute on instance <IOSTANDARD> overrides generic/parameter on entity. It is possible that simulator will not take this attribute into account.
WARNING:Xst:2591 - "Sch1_lab401.vf" line 43: attribute on instance <SLEW> overrides generic/parameter on entity. It is possible that simulator will not take this attribute into account.
WARNING:Xst:2591 - "Sch1_lab401.vf" line 46: attribute on instance <DRIVE> overrides generic/parameter on entity. It is possible that simulator will not take this attribute into account.
WARNING:Xst:2591 - "Sch1_lab401.vf" line 46: attribute on instance <IOSTANDARD> overrides generic/parameter on entity. It is possible that simulator will not take this attribute into account.
WARNING:Xst:2591 - "Sch1_lab401.vf" line 46: attribute on instance <SLEW> overrides generic/parameter on entity. It is possible that simulator will not take this attribute into account.
WARNING:Xst:2591 - "Sch1_lab401.vf" line 49: attribute on instance <DRIVE> overrides generic/parameter on entity. It is possible that simulator will not take this attribute into account.
WARNING:Xst:2591 - "Sch1_lab401.vf" line 49: attribute on instance <IOSTANDARD> overrides generic/parameter on entity. It is possible that simulator will not take this attribute into account.
WARNING:Xst:2591 - "Sch1_lab401.vf" line 49: attribute on instance <SLEW> overrides generic/parameter on entity. It is possible that simulator will not take this attribute into account.
WARNING:Xst:2591 - "Sch1_lab401.vf" line 52: attribute on instance <DRIVE> overrides generic/parameter on entity. It is possible that simulator will not take this attribute into account.
WARNING:Xst:2591 - "Sch1_lab401.vf" line 52: attribute on instance <IOSTANDARD> overrides generic/parameter on entity. It is possible that simulator will not take this attribute into account.
WARNING:Xst:2591 - "Sch1_lab401.vf" line 52: attribute on instance <SLEW> overrides generic/parameter on entity. It is possible that simulator will not take this attribute into account.

=========================================================================
*                            HDL Analysis                               *
=========================================================================
Analyzing top module <Sch1_lab401>.
Module <Sch1_lab401> is correct for synthesis.
 
    Set user-defined property "HU_SET =  XLXI_7_0" for instance <XLXI_7> in unit <Sch1_lab401>.
Analyzing module <DISPLAY> in library <work>.
Module <DISPLAY> is correct for synthesis.
 
Analyzing module <Gen4an> in library <work>.
Module <Gen4an> is correct for synthesis.
 
Analyzing module <MUX16_4> in library <work>.
Module <MUX16_4> is correct for synthesis.
 
Analyzing module <D7seg> in library <work>.
Module <D7seg> is correct for synthesis.
 
Analyzing module <Gen_P> in library <work>.
Module <Gen_P> is correct for synthesis.
 
Analyzing module <Gen1ms> in library <work>.
	F1kHz = 32'sb00000000000000000000001111101000
	Fclk = 32'sb00000010111110101111000010000000
Module <Gen1ms> is correct for synthesis.
 
Analyzing module <Gen_Nms_1s> in library <work>.
	F1Hz = 32'sb00000000000000000000000000000001
	F1kHz = 32'sb00000000000000000000001111101000
Module <Gen_Nms_1s> is correct for synthesis.
 
Analyzing module <VCBmCLED> in library <work>.
Module <VCBmCLED> is correct for synthesis.
 
Analyzing module <VCJ4RE> in library <work>.
Module <VCJ4RE> is correct for synthesis.
 
Analyzing module <VCD4RE> in library <work>.
Module <VCD4RE> is correct for synthesis.
 
Analyzing module <VCB4RE> in library <work>.
Module <VCB4RE> is correct for synthesis.
 
Analyzing module <OBUF8_MXILINX_Sch1_lab401> in library <work>.
Module <OBUF8_MXILINX_Sch1_lab401> is correct for synthesis.
 
    Set user-defined property "CAPACITANCE =  DONT_CARE" for instance <I_36_30> in unit <OBUF8_MXILINX_Sch1_lab401>.
    Set user-defined property "DRIVE =  12" for instance <I_36_30> in unit <OBUF8_MXILINX_Sch1_lab401>.
    Set user-defined property "IOSTANDARD =  DEFAULT" for instance <I_36_30> in unit <OBUF8_MXILINX_Sch1_lab401>.
    Set user-defined property "SLEW =  SLOW" for instance <I_36_30> in unit <OBUF8_MXILINX_Sch1_lab401>.
    Set user-defined property "CAPACITANCE =  DONT_CARE" for instance <I_36_31> in unit <OBUF8_MXILINX_Sch1_lab401>.
    Set user-defined property "DRIVE =  12" for instance <I_36_31> in unit <OBUF8_MXILINX_Sch1_lab401>.
    Set user-defined property "IOSTANDARD =  DEFAULT" for instance <I_36_31> in unit <OBUF8_MXILINX_Sch1_lab401>.
    Set user-defined property "SLEW =  SLOW" for instance <I_36_31> in unit <OBUF8_MXILINX_Sch1_lab401>.
    Set user-defined property "CAPACITANCE =  DONT_CARE" for instance <I_36_32> in unit <OBUF8_MXILINX_Sch1_lab401>.
    Set user-defined property "DRIVE =  12" for instance <I_36_32> in unit <OBUF8_MXILINX_Sch1_lab401>.
    Set user-defined property "IOSTANDARD =  DEFAULT" for instance <I_36_32> in unit <OBUF8_MXILINX_Sch1_lab401>.
    Set user-defined property "SLEW =  SLOW" for instance <I_36_32> in unit <OBUF8_MXILINX_Sch1_lab401>.
    Set user-defined property "CAPACITANCE =  DONT_CARE" for instance <I_36_33> in unit <OBUF8_MXILINX_Sch1_lab401>.
    Set user-defined property "DRIVE =  12" for instance <I_36_33> in unit <OBUF8_MXILINX_Sch1_lab401>.
    Set user-defined property "IOSTANDARD =  DEFAULT" for instance <I_36_33> in unit <OBUF8_MXILINX_Sch1_lab401>.
    Set user-defined property "SLEW =  SLOW" for instance <I_36_33> in unit <OBUF8_MXILINX_Sch1_lab401>.
    Set user-defined property "CAPACITANCE =  DONT_CARE" for instance <I_36_34> in unit <OBUF8_MXILINX_Sch1_lab401>.
    Set user-defined property "DRIVE =  12" for instance <I_36_34> in unit <OBUF8_MXILINX_Sch1_lab401>.
    Set user-defined property "IOSTANDARD =  DEFAULT" for instance <I_36_34> in unit <OBUF8_MXILINX_Sch1_lab401>.
    Set user-defined property "SLEW =  SLOW" for instance <I_36_34> in unit <OBUF8_MXILINX_Sch1_lab401>.
    Set user-defined property "CAPACITANCE =  DONT_CARE" for instance <I_36_35> in unit <OBUF8_MXILINX_Sch1_lab401>.
    Set user-defined property "DRIVE =  12" for instance <I_36_35> in unit <OBUF8_MXILINX_Sch1_lab401>.
    Set user-defined property "IOSTANDARD =  DEFAULT" for instance <I_36_35> in unit <OBUF8_MXILINX_Sch1_lab401>.
    Set user-defined property "SLEW =  SLOW" for instance <I_36_35> in unit <OBUF8_MXILINX_Sch1_lab401>.
    Set user-defined property "CAPACITANCE =  DONT_CARE" for instance <I_36_36> in unit <OBUF8_MXILINX_Sch1_lab401>.
    Set user-defined property "DRIVE =  12" for instance <I_36_36> in unit <OBUF8_MXILINX_Sch1_lab401>.
    Set user-defined property "IOSTANDARD =  DEFAULT" for instance <I_36_36> in unit <OBUF8_MXILINX_Sch1_lab401>.
    Set user-defined property "SLEW =  SLOW" for instance <I_36_36> in unit <OBUF8_MXILINX_Sch1_lab401>.
    Set user-defined property "CAPACITANCE =  DONT_CARE" for instance <I_36_37> in unit <OBUF8_MXILINX_Sch1_lab401>.
    Set user-defined property "DRIVE =  12" for instance <I_36_37> in unit <OBUF8_MXILINX_Sch1_lab401>.
    Set user-defined property "IOSTANDARD =  DEFAULT" for instance <I_36_37> in unit <OBUF8_MXILINX_Sch1_lab401>.
    Set user-defined property "SLEW =  SLOW" for instance <I_36_37> in unit <OBUF8_MXILINX_Sch1_lab401>.
Analyzing module <Debouncer> in library <work>.
Module <Debouncer> is correct for synthesis.
 

=========================================================================
*                           HDL Synthesis                               *
=========================================================================

Performing bidirectional port resolution...

Synthesizing Unit <Gen_Nms_1s>.
    Related source file is "Gen_Nms_1s.v".
    Found 10-bit down counter for signal <cb_Nms>.
    Summary:
	inferred   1 Counter(s).
Unit <Gen_Nms_1s> synthesized.


Synthesizing Unit <VCBmCLED>.
    Related source file is "VCBmCLED.v".
    Found 4-bit updown counter for signal <Q>.
    Summary:
	inferred   1 Counter(s).
Unit <VCBmCLED> synthesized.


Synthesizing Unit <VCJ4RE>.
    Related source file is "VCJ4RE.v".
    Found 4-bit register for signal <Q>.
    Summary:
	inferred   4 D-type flip-flop(s).
Unit <VCJ4RE> synthesized.


Synthesizing Unit <VCD4RE>.
    Related source file is "VCD4RE.v".
    Found 4-bit up counter for signal <Q>.
    Summary:
	inferred   1 Counter(s).
Unit <VCD4RE> synthesized.


Synthesizing Unit <VCB4RE>.
    Related source file is "VCB4RE.v".
    Found 4-bit up counter for signal <Q>.
    Summary:
	inferred   1 Counter(s).
Unit <VCB4RE> synthesized.


Synthesizing Unit <Debouncer>.
    Related source file is "Debouncer.v".
    Found 1-bit register for signal <Q1>.
    Found 1-bit register for signal <BTN_OUT>.
    Found 1-bit register for signal <Q2>.
    Summary:
	inferred   3 D-type flip-flop(s).
Unit <Debouncer> synthesized.


Synthesizing Unit <Gen4an>.
    Related source file is "Gen4an.v".
    Found 1-of-4 decoder for signal <an>.
    Found 2-bit up counter for signal <q>.
    Summary:
	inferred   1 Counter(s).
	inferred   1 Decoder(s).
Unit <Gen4an> synthesized.


Synthesizing Unit <MUX16_4>.
    Related source file is "MUX16_4.v".
    Found 4-bit 4-to-1 multiplexer for signal <do>.
    Summary:
	inferred   4 Multiplexer(s).
Unit <MUX16_4> synthesized.


Synthesizing Unit <D7seg>.
    Related source file is "D7seg.v".
    Found 16x7-bit ROM for signal <seg>.
    Summary:
	inferred   1 ROM(s).
Unit <D7seg> synthesized.


Synthesizing Unit <Gen_P>.
    Related source file is "Gen_P.v".
    Found 2-bit comparator equal for signal <seg_P$cmp_eq0000> created at line 23.
    Summary:
	inferred   1 Comparator(s).
Unit <Gen_P> synthesized.


Synthesizing Unit <Gen1ms>.
    Related source file is "Gen1ms.v".
    Found 16-bit down counter for signal <cb_ms>.
    Summary:
	inferred   1 Counter(s).
Unit <Gen1ms> synthesized.


Synthesizing Unit <DISPLAY>.
    Related source file is "DISPLAY.v".
Unit <DISPLAY> synthesized.


Synthesizing Unit <OBUF8_MXILINX_Sch1_lab401>.
    Related source file is "Sch1_lab401.vf".
Unit <OBUF8_MXILINX_Sch1_lab401> synthesized.


Synthesizing Unit <Sch1_lab401>.
    Related source file is "Sch1_lab401.vf".
Unit <Sch1_lab401> synthesized.


=========================================================================
HDL Synthesis Report

Macro Statistics
# ROMs                                                 : 1
 16x7-bit ROM                                          : 1
# Counters                                             : 6
 10-bit down counter                                   : 1
 16-bit down counter                                   : 1
 2-bit up counter                                      : 1
 4-bit up counter                                      : 2
 4-bit updown counter                                  : 1
# Registers                                            : 4
 1-bit register                                        : 3
 4-bit register                                        : 1
# Comparators                                          : 1
 2-bit comparator equal                                : 1
# Multiplexers                                         : 1
 4-bit 4-to-1 multiplexer                              : 1
# Decoders                                             : 1
 1-of-4 decoder                                        : 1

=========================================================================

=========================================================================
*                       Advanced HDL Synthesis                          *
=========================================================================


=========================================================================
Advanced HDL Synthesis Report

Macro Statistics
# ROMs                                                 : 1
 16x7-bit ROM                                          : 1
# Counters                                             : 6
 10-bit down counter                                   : 1
 16-bit down counter                                   : 1
 2-bit up counter                                      : 1
 4-bit up counter                                      : 2
 4-bit updown counter                                  : 1
# Registers                                            : 7
 Flip-Flops                                            : 7
# Comparators                                          : 1
 2-bit comparator equal                                : 1
# Multiplexers                                         : 1
 4-bit 4-to-1 multiplexer                              : 1
# Decoders                                             : 1
 1-of-4 decoder                                        : 1

=========================================================================

=========================================================================
*                         Low Level Synthesis                           *
=========================================================================

Optimizing unit <Sch1_lab401> ...

Optimizing unit <VCBmCLED> ...

Optimizing unit <OBUF8_MXILINX_Sch1_lab401> ...

Mapping all equations...
Building and optimizing final netlist ...
Found area constraint ratio of 100 (+ 5) on block Sch1_lab401, actual ratio is 1.

Final Macro Processing ...

=========================================================================
Final Register Report

Macro Statistics
# Registers                                            : 47
 Flip-Flops                                            : 47

=========================================================================

=========================================================================
*                           Partition Report                            *
=========================================================================

Partition Implementation Status
-------------------------------

  No Partitions were found in this design.

-------------------------------

=========================================================================
*                            Final Report                               *
=========================================================================
Final Results
RTL Top Level Output File Name     : Sch1_lab401.ngr
Top Level Output File Name         : Sch1_lab401
Output Format                      : NGC
Optimization Goal                  : Speed
Keep Hierarchy                     : No

Design Statistics
# IOs                              : 32

Cell Usage :
# BELS                             : 146
#      GND                         : 1
#      INV                         : 28
#      LUT1                        : 2
#      LUT2                        : 12
#      LUT3                        : 21
#      LUT3_L                      : 2
#      LUT4                        : 21
#      LUT4_D                      : 1
#      LUT4_L                      : 3
#      MUXCY                       : 24
#      MUXF5                       : 4
#      VCC                         : 1
#      XORCY                       : 26
# FlipFlops/Latches                : 47
#      FDCE                        : 4
#      FDE                         : 14
#      FDR                         : 11
#      FDRE                        : 12
#      FDS                         : 6
# Clock Buffers                    : 1
#      BUFG                        : 1
# IO Buffers                       : 32
#      IBUF                        : 11
#      IBUFG                       : 1
#      OBUF                        : 20
=========================================================================

Device utilization summary:
---------------------------

Selected Device : 3s500efg320-5 

 Number of Slices:                       46  out of   4656     0%  
 Number of Slice Flip Flops:             47  out of   9312     0%  
 Number of 4 input LUTs:                 90  out of   9312     0%  
 Number of IOs:                          32
 Number of bonded IOBs:                  32  out of    232    13%  
 Number of GCLKs:                         1  out of     24     4%  

---------------------------
Partition Resource Summary:
---------------------------

  No Partitions were found in this design.

---------------------------


=========================================================================
TIMING REPORT

NOTE: THESE TIMING NUMBERS ARE ONLY A SYNTHESIS ESTIMATE.
      FOR ACCURATE TIMING INFORMATION PLEASE REFER TO THE TRACE REPORT
      GENERATED AFTER PLACE-and-ROUTE.

Clock Information:
------------------
-----------------------------------+------------------------+-------+
Clock Signal                       | Clock buffer(FF name)  | Load  |
-----------------------------------+------------------------+-------+
F50MHz                             | IBUFG+BUFG             | 47    |
-----------------------------------+------------------------+-------+

Asynchronous Control Signals Information:
----------------------------------------
-----------------------------------+------------------------+-------+
Control Signal                     | Buffer(FF name)        | Load  |
-----------------------------------+------------------------+-------+
BTN0                               | IBUF                   | 4     |
-----------------------------------+------------------------+-------+

Timing Summary:
---------------
Speed Grade: -5

   Minimum period: 5.372ns (Maximum Frequency: 186.140MHz)
   Minimum input arrival time before clock: 4.324ns
   Maximum output required time after clock: 7.312ns
   Maximum combinational path delay: 5.776ns

Timing Detail:
--------------
All values displayed in nanoseconds (ns)

=========================================================================
Timing constraint: Default period analysis for Clock 'F50MHz'
  Clock period: 5.372ns (frequency: 186.140MHz)
  Total number of paths / destination ports: 896 / 96
-------------------------------------------------------------------------
Delay:               5.372ns (Levels of Logic = 3)
  Source:            XLXI_1/DD5/cb_ms_0 (FF)
  Destination:       XLXI_100/Q1 (FF)
  Source Clock:      F50MHz rising
  Destination Clock: F50MHz rising

  Data Path: XLXI_1/DD5/cb_ms_0 to XLXI_100/Q1
                                Gate     Net
    Cell:in->out      fanout   Delay   Delay  Logical Name (Net Name)
    ----------------------------------------  ------------
     FDR:C->Q              2   0.514   0.532  XLXI_1/DD5/cb_ms_0 (XLXI_1/DD5/cb_ms_0)
     LUT4_D:I0->O          1   0.612   0.509  XLXI_1/DD5/ce1ms11 (XLXI_1/DD5/ce1ms11)
     LUT4:I0->O           30   0.612   1.141  XLXI_1/DD5/ce1ms75_1 (XLXI_1/DD5/ce1ms75)
     LUT2:I1->O            1   0.612   0.357  XLXI_2/CEO1 (XLXN_86)
     FDE:CE                    0.483          XLXI_100/Q1
    ----------------------------------------
    Total                      5.372ns (2.833ns logic, 2.539ns route)
                                       (52.7% logic, 47.3% route)

=========================================================================
Timing constraint: Default OFFSET IN BEFORE for Clock 'F50MHz'
  Total number of paths / destination ports: 37 / 30
-------------------------------------------------------------------------
Offset:              4.324ns (Levels of Logic = 4)
  Source:            SW<6> (PAD)
  Destination:       XLXI_3/Q_3 (FF)
  Destination Clock: F50MHz rising

  Data Path: SW<6> to XLXI_3/Q_3
                                Gate     Net
    Cell:in->out      fanout   Delay   Delay  Logical Name (Net Name)
    ----------------------------------------  ------------
     IBUF:I->O             4   1.106   0.651  SW_6_IBUF (SW_6_IBUF)
     LUT2:I0->O            1   0.612   0.360  XLXI_3/Mcount_Q_xor<3>1111 (XLXI_3/N3)
     LUT4_L:I3->LO         1   0.612   0.103  XLXI_3/Mcount_Q_xor<3>1_SW0 (N15)
     LUT4:I3->O            1   0.612   0.000  XLXI_3/Mcount_Q_xor<3>1 (XLXI_3/Mcount_Q4)
     FDCE:D                    0.268          XLXI_3/Q_3
    ----------------------------------------
    Total                      4.324ns (3.210ns logic, 1.114ns route)
                                       (74.2% logic, 25.8% route)

=========================================================================
Timing constraint: Default OFFSET OUT AFTER for Clock 'F50MHz'
  Total number of paths / destination ports: 206 / 12
-------------------------------------------------------------------------
Offset:              7.312ns (Levels of Logic = 4)
  Source:            XLXI_1/DD1/q_0 (FF)
  Destination:       seg<6> (PAD)
  Source Clock:      F50MHz rising

  Data Path: XLXI_1/DD1/q_0 to seg<6>
                                Gate     Net
    Cell:in->out      fanout   Delay   Delay  Logical Name (Net Name)
    ----------------------------------------  ------------
     FDE:C->Q             15   0.514   1.016  XLXI_1/DD1/q_0 (XLXI_1/DD1/q_0)
     LUT3:I0->O            1   0.612   0.000  XLXI_1/DD2/Mmux_do_3 (XLXI_1/DD2/Mmux_do_3)
     MUXF5:I1->O           7   0.278   0.754  XLXI_1/DD2/Mmux_do_2_f5 (XLXI_1/Dig<0>)
     LUT4:I0->O            1   0.612   0.357  XLXI_1/DD3/Mrom_seg31 (seg_3_OBUF)
     OBUF:I->O                 3.169          seg_3_OBUF (seg<3>)
    ----------------------------------------
    Total                      7.312ns (5.185ns logic, 2.127ns route)
                                       (70.9% logic, 29.1% route)

=========================================================================
Timing constraint: Default path analysis
  Total number of paths / destination ports: 10 / 9
-------------------------------------------------------------------------
Delay:               5.776ns (Levels of Logic = 3)
  Source:            SW<4> (PAD)
  Destination:       seg<7> (PAD)

  Data Path: SW<4> to seg<7>
                                Gate     Net
    Cell:in->out      fanout   Delay   Delay  Logical Name (Net Name)
    ----------------------------------------  ------------
     IBUF:I->O             2   1.106   0.532  SW_4_IBUF (SW_4_IBUF)
     LUT4:I0->O            1   0.612   0.357  XLXI_1/DD4/seg_P1 (seg_7_OBUF)
     OBUF:I->O                 3.169          seg_7_OBUF (seg<7>)
    ----------------------------------------
    Total                      5.776ns (4.887ns logic, 0.889ns route)
                                       (84.6% logic, 15.4% route)

=========================================================================


Total REAL time to Xst completion: 5.00 secs
Total CPU time to Xst completion: 4.83 secs
 
--> 

Total memory usage is 4513308 kilobytes

Number of errors   :    0 (   0 filtered)
Number of warnings :   24 (   0 filtered)
Number of infos    :    0 (   0 filtered)

