ISim log file
Running: C:\FRKT\shev\Lab401N\VCD4RE_test_fixture_isim_beh.exe -intstyle ise -gui -tclbatch isim.cmd -wdb C:/FRKT/shev/Lab401N/VCD4RE_test_fixture_isim_beh.wdb 
ISim P.20131013 (signature 0x7708f090)
----------------------------------------------------------------------
INFO:Security:51 - The XILINXD_LICENSE_FILE environment variable is not set.
INFO:Security:52 - The LM_LICENSE_FILE environment variable is set to 'C:\Distrib\ISE_Design_Suite_14.7\ISE Design Suite 14.7\Activation\xilinx_ise.lic'.
WARNING:Security:43 - No license file was found in the standard Xilinx license directory.
WARNING:Security:44 - Since no license file was found,
       please run the Xilinx License Configuration Manager
       (xlcm or "Manage Xilinx Licenses")
       to assist in obtaining a license.
WARNING:Security:42 - Your software subscription period has lapsed. Your current version of Xilinx tools will continue to function, but you no longer qualify for Xilinx software updates or new releases.


----------------------------------------------------------------------
This is a Full version of ISim.
Time resolution is 1 ps
# onerror resume
# wave add /
# run 1ms
Simulator is doing circuit initialization process.
Finished circuit initialization process.
# run all
Stopped at time : 1535933150 ns : File "C:/FRKT/shev/Lab401N/VCD4RE_test_fixture.v" Line 53
# run all
Stopped at time : 7019900410 ns : File "C:/FRKT/shev/Lab401N/VCD4RE_test_fixture.v" Line 52
ISim P.20131013 (signature 0x7708f090)
----------------------------------------------------------------------
INFO:Security:51 - The XILINXD_LICENSE_FILE environment variable is not set.
INFO:Security:52 - The LM_LICENSE_FILE environment variable is set to 'C:\Distrib\ISE_Design_Suite_14.7\ISE Design Suite 14.7\Activation\xilinx_ise.lic'.
WARNING:Security:43 - No license file was found in the standard Xilinx license directory.
WARNING:Security:44 - Since no license file was found,
       please run the Xilinx License Configuration Manager
       (xlcm or "Manage Xilinx Licenses")
       to assist in obtaining a license.
WARNING:Security:42 - Your software subscription period has lapsed. Your current version of Xilinx tools will continue to function, but you no longer qualify for Xilinx software updates or new releases.


----------------------------------------------------------------------
This is a Full version of ISim.
# run 1ms
Simulator is doing circuit initialization process.
Finished circuit initialization process.
# run all
Stopped at time : 76765660 ns : File "C:/FRKT/shev/Lab401N/VCD4RE.v" Line 26
# run 1.00us
# run all
Stopped at time : 29564200330 ns : File "C:/FRKT/shev/Lab401N/VCD4RE.v" Line 27
