Release 14.4 - xst P.49d (nt64)
Copyright (c) 1995-2012 Xilinx, Inc.  All rights reserved.
--> Parameter TMPDIR set to xst/projnav.tmp


Total REAL time to Xst completion: 0.00 secs
Total CPU time to Xst completion: 0.10 secs
 
--> Parameter xsthdpdir set to xst


Total REAL time to Xst completion: 0.00 secs
Total CPU time to Xst completion: 0.10 secs
 
--> Reading design: Sch_LAB404_1B.prj

TABLE OF CONTENTS
  1) Synthesis Options Summary
  2) HDL Compilation
  3) Design Hierarchy Analysis
  4) HDL Analysis
  5) HDL Synthesis
     5.1) HDL Synthesis Report
  6) Advanced HDL Synthesis
     6.1) Advanced HDL Synthesis Report
  7) Low Level Synthesis
  8) Partition Report
  9) Final Report
	9.1) Device utilization summary
	9.2) Partition Resource Summary
	9.3) TIMING REPORT


=========================================================================
*                      Synthesis Options Summary                        *
=========================================================================
---- Source Parameters
Input File Name                    : "Sch_LAB404_1B.prj"
Input Format                       : mixed
Ignore Synthesis Constraint File   : NO

---- Target Parameters
Output File Name                   : "Sch_LAB404_1B"
Output Format                      : NGC
Target Device                      : xc3s500e-4-fg320

---- Source Options
Top Module Name                    : Sch_LAB404_1B
Automatic FSM Extraction           : YES
FSM Encoding Algorithm             : Auto
Safe Implementation                : No
FSM Style                          : LUT
RAM Extraction                     : Yes
RAM Style                          : Auto
ROM Extraction                     : Yes
Mux Style                          : Auto
Decoder Extraction                 : YES
Priority Encoder Extraction        : Yes
Shift Register Extraction          : YES
Logical Shifter Extraction         : YES
XOR Collapsing                     : YES
ROM Style                          : Auto
Mux Extraction                     : Yes
Resource Sharing                   : YES
Asynchronous To Synchronous        : NO
Multiplier Style                   : Auto
Automatic Register Balancing       : No

---- Target Options
Add IO Buffers                     : YES
Global Maximum Fanout              : 500
Add Generic Clock Buffer(BUFG)     : 24
Register Duplication               : YES
Slice Packing                      : YES
Optimize Instantiated Primitives   : NO
Use Clock Enable                   : Yes
Use Synchronous Set                : Yes
Use Synchronous Reset              : Yes
Pack IO Registers into IOBs        : Auto
Equivalent register Removal        : YES

---- General Options
Optimization Goal                  : Speed
Optimization Effort                : 1
Keep Hierarchy                     : No
Netlist Hierarchy                  : As_Optimized
RTL Output                         : Yes
Global Optimization                : AllClockNets
Read Cores                         : YES
Write Timing Constraints           : NO
Cross Clock Analysis               : NO
Hierarchy Separator                : /
Bus Delimiter                      : <>
Case Specifier                     : Maintain
Slice Utilization Ratio            : 100
BRAM Utilization Ratio             : 100
Verilog 2001                       : YES
Auto BRAM Packing                  : NO
Slice Utilization Ratio Delta      : 5

=========================================================================


=========================================================================
*                          HDL Compilation                              *
=========================================================================
Compiling verilog file "UTXD1B.v" in library work
Compiling verilog file "URXD1B.v" in library work
Module <UTXD1B> compiled
Compiling verilog file "DISPL.v" in library work
Module <URXD1B> compiled
Compiling verilog file "Sch_LAB404_1B.vf" in library work
Module <DISPL> compiled
Module <FD8RE_MXILINX_Sch_LAB404_1B> compiled
Module <M2_1_MXILINX_Sch_LAB404_1B> compiled
Module <Sch_LAB404_1B> compiled
No errors in compilation
Analysis of file <"Sch_LAB404_1B.prj"> succeeded.
 

=========================================================================
*                     Design Hierarchy Analysis                         *
=========================================================================
Analyzing hierarchy for module <Sch_LAB404_1B> in library <work>.

Analyzing hierarchy for module <UTXD1B> in library <work> with parameters.
	Fclk = "00000010111110101111000010000000"
	Nt = "00000000000000000000000110110010"
	VEL = "00000000000000011100001000000000"

Analyzing hierarchy for module <URXD1B> in library <work> with parameters.
	Fclk = "00000010111110101111000010000000"
	Nt = "00000000000000000000000110110010"
	VEL = "00000000000000011100001000000000"

Analyzing hierarchy for module <FD8RE_MXILINX_Sch_LAB404_1B> in library <work>.

Analyzing hierarchy for module <M2_1_MXILINX_Sch_LAB404_1B> in library <work>.

Analyzing hierarchy for module <DISPL> in library <work> with parameters.
	F1kHz = "00000000000000000000000000000001"
	Fclk = "00000000000000001100001101010000"


=========================================================================
*                            HDL Analysis                               *
=========================================================================
Analyzing top module <Sch_LAB404_1B>.
Module <Sch_LAB404_1B> is correct for synthesis.
 
    Set user-defined property "HU_SET =  XLXI_3_1" for instance <XLXI_3> in unit <Sch_LAB404_1B>.
    Set user-defined property "HU_SET =  XLXI_5_0" for instance <XLXI_5> in unit <Sch_LAB404_1B>.
Analyzing module <UTXD1B> in library <work>.
	Fclk = 32'sb00000010111110101111000010000000
	Nt = 32'sb00000000000000000000000110110010
	VEL = 32'sb00000000000000011100001000000000
Module <UTXD1B> is correct for synthesis.
 
Analyzing module <URXD1B> in library <work>.
	Fclk = 32'sb00000010111110101111000010000000
	Nt = 32'sb00000000000000000000000110110010
	VEL = 32'sb00000000000000011100001000000000
Module <URXD1B> is correct for synthesis.
 
Analyzing module <FD8RE_MXILINX_Sch_LAB404_1B> in library <work>.
Module <FD8RE_MXILINX_Sch_LAB404_1B> is correct for synthesis.
 
    Set user-defined property "INIT =  0" for instance <I_Q0> in unit <FD8RE_MXILINX_Sch_LAB404_1B>.
    Set user-defined property "INIT =  0" for instance <I_Q1> in unit <FD8RE_MXILINX_Sch_LAB404_1B>.
    Set user-defined property "INIT =  0" for instance <I_Q2> in unit <FD8RE_MXILINX_Sch_LAB404_1B>.
    Set user-defined property "INIT =  0" for instance <I_Q3> in unit <FD8RE_MXILINX_Sch_LAB404_1B>.
    Set user-defined property "INIT =  0" for instance <I_Q4> in unit <FD8RE_MXILINX_Sch_LAB404_1B>.
    Set user-defined property "INIT =  0" for instance <I_Q5> in unit <FD8RE_MXILINX_Sch_LAB404_1B>.
    Set user-defined property "INIT =  0" for instance <I_Q6> in unit <FD8RE_MXILINX_Sch_LAB404_1B>.
    Set user-defined property "INIT =  0" for instance <I_Q7> in unit <FD8RE_MXILINX_Sch_LAB404_1B>.
Analyzing module <M2_1_MXILINX_Sch_LAB404_1B> in library <work>.
Module <M2_1_MXILINX_Sch_LAB404_1B> is correct for synthesis.
 
Analyzing module <DISPL> in library <work>.
	F1kHz = 32'sb00000000000000000000000000000001
	Fclk = 32'sb00000000000000001100001101010000
Module <DISPL> is correct for synthesis.
 

=========================================================================
*                           HDL Synthesis                               *
=========================================================================

Performing bidirectional port resolution...

Synthesizing Unit <UTXD1B>.
    Related source file is "UTXD1B.v".
    Found 1-bit register for signal <en_tx_byte>.
    Found 8-bit register for signal <sr_dat>.
    Found 4-bit up counter for signal <cb_bit>.
    Found 16-bit up counter for signal <cb_tact>.
    Found 4-bit comparator greater for signal <T_dat$cmp_gt0000> created at line 37.
    Found 4-bit comparator less for signal <T_dat$cmp_lt0000> created at line 37.
    Summary:
	inferred   2 Counter(s).
	inferred   9 D-type flip-flop(s).
	inferred   2 Comparator(s).
Unit <UTXD1B> synthesized.


Synthesizing Unit <URXD1B>.
    Related source file is "URXD1B.v".
    Found 1-bit register for signal <RXD>.
    Found 1-bit register for signal <en_rx_byte>.
    Found 8-bit register for signal <sr_dat>.
    Found 4-bit up counter for signal <cb_bit>.
    Found 16-bit up counter for signal <cb_tact>.
    Found 4-bit comparator greater for signal <T_dat$cmp_gt0000> created at line 43.
    Found 4-bit comparator less for signal <T_dat$cmp_lt0000> created at line 43.
    Found 1-bit register for signal <tRXD>.
    Summary:
	inferred   2 Counter(s).
	inferred  11 D-type flip-flop(s).
	inferred   2 Comparator(s).
Unit <URXD1B> synthesized.


Synthesizing Unit <DISPL>.
    Related source file is "DISPL.v".
    Found 16x7-bit ROM for signal <seg>.
    Found 1-of-4 decoder for signal <AN>.
    Found 1-bit register for signal <ce1ms>.
    Found 16-bit up counter for signal <cb_1ms>.
    Found 2-bit up counter for signal <cb_an>.
    Found 4-bit 4-to-1 multiplexer for signal <dig>.
    Summary:
	inferred   1 ROM(s).
	inferred   2 Counter(s).
	inferred   1 D-type flip-flop(s).
	inferred   4 Multiplexer(s).
	inferred   1 Decoder(s).
Unit <DISPL> synthesized.


Synthesizing Unit <FD8RE_MXILINX_Sch_LAB404_1B>.
    Related source file is "Sch_LAB404_1B.vf".
Unit <FD8RE_MXILINX_Sch_LAB404_1B> synthesized.


Synthesizing Unit <M2_1_MXILINX_Sch_LAB404_1B>.
    Related source file is "Sch_LAB404_1B.vf".
Unit <M2_1_MXILINX_Sch_LAB404_1B> synthesized.


Synthesizing Unit <Sch_LAB404_1B>.
    Related source file is "Sch_LAB404_1B.vf".
Unit <Sch_LAB404_1B> synthesized.


=========================================================================
HDL Synthesis Report

Macro Statistics
# ROMs                                                 : 1
 16x7-bit ROM                                          : 1
# Counters                                             : 6
 16-bit up counter                                     : 3
 2-bit up counter                                      : 1
 4-bit up counter                                      : 2
# Registers                                            : 7
 1-bit register                                        : 5
 8-bit register                                        : 2
# Comparators                                          : 4
 4-bit comparator greater                              : 2
 4-bit comparator less                                 : 2
# Multiplexers                                         : 1
 4-bit 4-to-1 multiplexer                              : 1
# Decoders                                             : 1
 1-of-4 decoder                                        : 1

=========================================================================

=========================================================================
*                       Advanced HDL Synthesis                          *
=========================================================================


=========================================================================
Advanced HDL Synthesis Report

Macro Statistics
# ROMs                                                 : 1
 16x7-bit ROM                                          : 1
# Counters                                             : 6
 16-bit up counter                                     : 3
 2-bit up counter                                      : 1
 4-bit up counter                                      : 2
# Registers                                            : 29
 Flip-Flops                                            : 29
# Comparators                                          : 4
 4-bit comparator greater                              : 2
 4-bit comparator less                                 : 2
# Multiplexers                                         : 1
 4-bit 4-to-1 multiplexer                              : 1
# Decoders                                             : 1
 1-of-4 decoder                                        : 1

=========================================================================

=========================================================================
*                         Low Level Synthesis                           *
=========================================================================

Optimizing unit <Sch_LAB404_1B> ...

Optimizing unit <UTXD1B> ...

Optimizing unit <URXD1B> ...

Optimizing unit <DISPL> ...

Optimizing unit <FD8RE_MXILINX_Sch_LAB404_1B> ...

Optimizing unit <M2_1_MXILINX_Sch_LAB404_1B> ...

Mapping all equations...
Building and optimizing final netlist ...
Found area constraint ratio of 100 (+ 5) on block Sch_LAB404_1B, actual ratio is 1.

Final Macro Processing ...

=========================================================================
Final Register Report

Macro Statistics
# Registers                                            : 87
 Flip-Flops                                            : 87

=========================================================================

=========================================================================
*                           Partition Report                            *
=========================================================================

Partition Implementation Status
-------------------------------

  No Partitions were found in this design.

-------------------------------

=========================================================================
*                            Final Report                               *
=========================================================================
Final Results
RTL Top Level Output File Name     : Sch_LAB404_1B.ngr
Top Level Output File Name         : Sch_LAB404_1B
Output Format                      : NGC
Optimization Goal                  : Speed
Keep Hierarchy                     : No

Design Statistics
# IOs                              : 40

Cell Usage :
# BELS                             : 236
#      AND2                        : 2
#      AND2B1                      : 1
#      BUF                         : 4
#      GND                         : 1
#      INV                         : 6
#      LUT1                        : 45
#      LUT2                        : 14
#      LUT2_L                      : 1
#      LUT3                        : 21
#      LUT3_D                      : 1
#      LUT4                        : 36
#      LUT4_D                      : 3
#      LUT4_L                      : 2
#      MUXCY                       : 45
#      MUXF5                       : 4
#      OR2                         : 1
#      VCC                         : 1
#      XORCY                       : 48
# FlipFlops/Latches                : 87
#      FD                          : 3
#      FDE                         : 10
#      FDR                         : 45
#      FDRE                        : 24
#      FDS                         : 3
#      FDSE                        : 2
# Clock Buffers                    : 1
#      BUFG                        : 1
# IO Buffers                       : 40
#      IBUF                        : 12
#      IBUFG                       : 1
#      OBUF                        : 27
=========================================================================

Device utilization summary:
---------------------------

Selected Device : 3s500efg320-4 

 Number of Slices:                       71  out of   4656     1%  
 Number of Slice Flip Flops:             87  out of   9312     0%  
 Number of 4 input LUTs:                129  out of   9312     1%  
 Number of IOs:                          40
 Number of bonded IOBs:                  40  out of    232    17%  
 Number of GCLKs:                         1  out of     24     4%  

---------------------------
Partition Resource Summary:
---------------------------

  No Partitions were found in this design.

---------------------------


=========================================================================
TIMING REPORT

NOTE: THESE TIMING NUMBERS ARE ONLY A SYNTHESIS ESTIMATE.
      FOR ACCURATE TIMING INFORMATION PLEASE REFER TO THE TRACE REPORT
      GENERATED AFTER PLACE-and-ROUTE.

Clock Information:
------------------
-----------------------------------+------------------------+-------+
Clock Signal                       | Clock buffer(FF name)  | Load  |
-----------------------------------+------------------------+-------+
F50MHz                             | IBUFG+BUFG             | 87    |
-----------------------------------+------------------------+-------+

Asynchronous Control Signals Information:
----------------------------------------
No asynchronous control signals found in this design

Timing Summary:
---------------
Speed Grade: -4

   Minimum period: 7.158ns (Maximum Frequency: 139.704MHz)
   Minimum input arrival time before clock: 5.318ns
   Maximum output required time after clock: 8.324ns
   Maximum combinational path delay: 8.048ns

Timing Detail:
--------------
All values displayed in nanoseconds (ns)

=========================================================================
Timing constraint: Default period analysis for Clock 'F50MHz'
  Clock period: 7.158ns (frequency: 139.704MHz)
  Total number of paths / destination ports: 2280 / 187
-------------------------------------------------------------------------
Delay:               7.158ns (Levels of Logic = 6)
  Source:            XLXI_1/cb_bit_2 (FF)
  Destination:       XLXI_2/RXD (FF)
  Source Clock:      F50MHz rising
  Destination Clock: F50MHz rising

  Data Path: XLXI_1/cb_bit_2 to XLXI_2/RXD
                                Gate     Net
    Cell:in->out      fanout   Delay   Delay  Logical Name (Net Name)
    ----------------------------------------  ------------
     FDRE:C->Q             6   0.591   0.844  XLXI_1/cb_bit_2 (XLXI_1/cb_bit_2)
     LUT3_D:I0->LO         1   0.704   0.104  XLXI_1/sr_dat_not000111 (N25)
     LUT4:I3->O            3   0.704   0.531  XLXI_1/TXD1 (TXD_OBUF)
     BUF:I->O              1   0.704   0.420  XLXI_6 (bf_TXD)
     begin scope: 'XLXI_5'
     AND2:I0->O            1   0.704   0.420  I_36_9 (M1)
     OR2:I0->O             1   0.704   0.420  I_36_8 (O)
     end scope: 'XLXI_5'
     FD:D                      0.308          XLXI_2/RXD
    ----------------------------------------
    Total                      7.158ns (4.419ns logic, 2.739ns route)
                                       (61.7% logic, 38.3% route)

=========================================================================
Timing constraint: Default OFFSET IN BEFORE for Clock 'F50MHz'
  Total number of paths / destination ports: 20 / 17
-------------------------------------------------------------------------
Offset:              5.318ns (Levels of Logic = 5)
  Source:            RXD (PAD)
  Destination:       XLXI_2/RXD (FF)
  Destination Clock: F50MHz rising

  Data Path: RXD to XLXI_2/RXD
                                Gate     Net
    Cell:in->out      fanout   Delay   Delay  Logical Name (Net Name)
    ----------------------------------------  ------------
     IBUF:I->O             1   1.218   0.420  RXD_IBUF (RXD_IBUF)
     AND2:I0->O            1   0.704   0.420  XLXI_15 (XLXN_153)
     begin scope: 'XLXI_5'
     AND2B1:I1->O          1   0.704   0.420  I_36_7 (M0)
     OR2:I1->O             1   0.704   0.420  I_36_8 (O)
     end scope: 'XLXI_5'
     FD:D                      0.308          XLXI_2/RXD
    ----------------------------------------
    Total                      5.318ns (3.638ns logic, 1.680ns route)
                                       (68.4% logic, 31.6% route)

=========================================================================
Timing constraint: Default OFFSET OUT AFTER for Clock 'F50MHz'
  Total number of paths / destination ports: 225 / 27
-------------------------------------------------------------------------
Offset:              8.324ns (Levels of Logic = 4)
  Source:            XLXI_2/cb_tact_7 (FF)
  Destination:       JC8 (PAD)
  Source Clock:      F50MHz rising

  Data Path: XLXI_2/cb_tact_7 to JC8
                                Gate     Net
    Cell:in->out      fanout   Delay   Delay  Logical Name (Net Name)
    ----------------------------------------  ------------
     FDR:C->Q              2   0.591   0.622  XLXI_2/cb_tact_7 (XLXI_2/cb_tact_7)
     LUT4:I0->O            1   0.704   0.424  XLXI_2/ce_bit18 (XLXI_2/ce_bit18)
     LUT4:I3->O            7   0.704   0.883  XLXI_2/ce_bit134 (XLXI_2/N01)
     LUT4:I0->O            1   0.704   0.420  XLXI_2/ce_tact (JC8_OBUF)
     OBUF:I->O                 3.272          JC8_OBUF (JC8)
    ----------------------------------------
    Total                      8.324ns (5.975ns logic, 2.349ns route)
                                       (71.8% logic, 28.2% route)

=========================================================================
Timing constraint: Default path analysis
  Total number of paths / destination ports: 56 / 7
-------------------------------------------------------------------------
Delay:               8.048ns (Levels of Logic = 5)
  Source:            SW<1> (PAD)
  Destination:       seg<6> (PAD)

  Data Path: SW<1> to seg<6>
                                Gate     Net
    Cell:in->out      fanout   Delay   Delay  Logical Name (Net Name)
    ----------------------------------------  ------------
     IBUF:I->O             2   1.218   0.526  SW_1_IBUF (SW_1_IBUF)
     LUT3:I1->O            1   0.704   0.000  XLXI_8/Mmux_dig_31 (XLXI_8/Mmux_dig_31)
     MUXF5:I1->O           7   0.321   0.883  XLXI_8/Mmux_dig_2_f5_0 (XLXI_8/dig<1>)
     LUT4:I0->O            1   0.704   0.420  XLXI_8/Mrom_seg21 (seg_2_OBUF)
     OBUF:I->O                 3.272          seg_2_OBUF (seg<2>)
    ----------------------------------------
    Total                      8.048ns (6.219ns logic, 1.829ns route)
                                       (77.3% logic, 22.7% route)

=========================================================================


Total REAL time to Xst completion: 5.00 secs
Total CPU time to Xst completion: 4.97 secs
 
--> 

Total memory usage is 272780 kilobytes

Number of errors   :    0 (   0 filtered)
Number of warnings :    0 (   0 filtered)
Number of infos    :    0 (   0 filtered)

