--------------------------------------------------------------------------------
Release 14.4 Trace  (nt64)
Copyright (c) 1995-2012 Xilinx, Inc.  All rights reserved.

C:\Xilinx\14.4\ISE_DS\ISE\bin\nt64\unwrapped\trce.exe -intstyle ise -v 3 -s 4
-n 3 -fastpaths -xml Sch_LAB404_1B.twx Sch_LAB404_1B.ncd -o Sch_LAB404_1B.twr
Sch_LAB404_1B.pcf -ucf Sch_Lab404.ucf

Design file:              Sch_LAB404_1B.ncd
Physical constraint file: Sch_LAB404_1B.pcf
Device,package,speed:     xc3s500e,fg320,-4 (PRODUCTION 1.27 2012-12-04)
Report level:             verbose report

Environment Variable      Effect 
--------------------      ------ 
NONE                      No environment variables were set
--------------------------------------------------------------------------------

INFO:Timing:2698 - No timing constraints found, doing default enumeration.
INFO:Timing:3412 - To improve timing, see the Timing Closure User Guide (UG612).
INFO:Timing:2752 - To get complete path coverage, use the unconstrained paths 
   option. All paths that are not constrained will be reported in the 
   unconstrained paths section(s) of the report.
INFO:Timing:3339 - The clock-to-out numbers in this timing report are based on 
   a 50 Ohm transmission line loading model.  For the details of this model, 
   and for more information on accounting for different loading conditions, 
   please see the device datasheet.
INFO:Timing:3390 - This architecture does not support a default System Jitter 
   value, please add SYSTEM_JITTER constraint to the UCF to modify the Clock 
   Uncertainty calculation.
INFO:Timing:3389 - This architecture does not support 'Discrete Jitter' and 
   'Phase Error' calculations, these terms will be zero in the Clock 
   Uncertainty calculation.  Please make appropriate modification to 
   SYSTEM_JITTER to account for the unsupported Discrete Jitter and Phase 
   Error.



Data Sheet report:
-----------------
All values displayed in nanoseconds (ns)

Setup/Hold to clock F50MHz
------------+------------+------------+------------------+--------+
            |Max Setup to|Max Hold to |                  | Clock  |
Source      | clk (edge) | clk (edge) |Internal Clock(s) | Phase  |
------------+------------+------------+------------------+--------+
BTN0        |    2.610(R)|    0.093(R)|clk               |   0.000|
BTN3        |    1.166(R)|    0.273(R)|clk               |   0.000|
JD3         |    1.805(R)|   -0.238(R)|clk               |   0.000|
RXD         |    3.028(R)|   -1.217(R)|clk               |   0.000|
SW<0>       |    1.699(R)|   -0.136(R)|clk               |   0.000|
SW<1>       |    1.321(R)|    0.166(R)|clk               |   0.000|
SW<2>       |    0.985(R)|    0.429(R)|clk               |   0.000|
SW<3>       |    0.496(R)|    0.820(R)|clk               |   0.000|
SW<4>       |    0.307(R)|    0.971(R)|clk               |   0.000|
SW<5>       |    0.726(R)|    0.636(R)|clk               |   0.000|
SW<6>       |    0.700(R)|    0.657(R)|clk               |   0.000|
SW<7>       |    1.097(R)|    0.339(R)|clk               |   0.000|
------------+------------+------------+------------------+--------+

Clock F50MHz to Pad
------------+------------+------------------+--------+
            | clk (edge) |                  | Clock  |
Destination |   to PAD   |Internal Clock(s) | Phase  |
------------+------------+------------------+--------+
AN<0>       |    9.266(R)|clk               |   0.000|
AN<1>       |    9.822(R)|clk               |   0.000|
AN<2>       |   10.296(R)|clk               |   0.000|
AN<3>       |    9.706(R)|clk               |   0.000|
JB2         |    8.206(R)|clk               |   0.000|
JB3         |   11.970(R)|clk               |   0.000|
JB4         |   10.687(R)|clk               |   0.000|
JB7         |   10.250(R)|clk               |   0.000|
JB8         |   10.730(R)|clk               |   0.000|
JC1         |    8.112(R)|clk               |   0.000|
JC2         |    8.648(R)|clk               |   0.000|
JC3         |   10.101(R)|clk               |   0.000|
JC4         |   10.310(R)|clk               |   0.000|
JC7         |    9.857(R)|clk               |   0.000|
JC8         |   11.692(R)|clk               |   0.000|
JD4         |   10.305(R)|clk               |   0.000|
LED0        |    8.398(R)|clk               |   0.000|
LED7        |    9.913(R)|clk               |   0.000|
TXD         |   11.630(R)|clk               |   0.000|
seg<0>      |   12.266(R)|clk               |   0.000|
seg<1>      |   11.965(R)|clk               |   0.000|
seg<2>      |   12.862(R)|clk               |   0.000|
seg<3>      |   12.533(R)|clk               |   0.000|
seg<4>      |   12.514(R)|clk               |   0.000|
seg<5>      |   12.476(R)|clk               |   0.000|
seg<6>      |   11.713(R)|clk               |   0.000|
seg_P       |   10.557(R)|clk               |   0.000|
------------+------------+------------------+--------+

Clock to Setup on destination clock F50MHz
---------------+---------+---------+---------+---------+
               | Src:Rise| Src:Fall| Src:Rise| Src:Fall|
Source Clock   |Dest:Rise|Dest:Rise|Dest:Fall|Dest:Fall|
---------------+---------+---------+---------+---------+
F50MHz         |    5.758|         |         |         |
---------------+---------+---------+---------+---------+

Pad to Pad
---------------+---------------+---------+
Source Pad     |Destination Pad|  Delay  |
---------------+---------------+---------+
SW<0>          |seg<0>         |    8.191|
SW<0>          |seg<1>         |    7.883|
SW<0>          |seg<2>         |    9.491|
SW<0>          |seg<3>         |    9.155|
SW<0>          |seg<4>         |    8.432|
SW<0>          |seg<5>         |    8.401|
SW<0>          |seg<6>         |    8.178|
SW<1>          |seg<0>         |    8.988|
SW<1>          |seg<1>         |    8.622|
SW<1>          |seg<2>         |    8.881|
SW<1>          |seg<3>         |    8.583|
SW<1>          |seg<4>         |    9.171|
SW<1>          |seg<5>         |    9.198|
SW<1>          |seg<6>         |    7.775|
SW<2>          |seg<0>         |    9.788|
SW<2>          |seg<1>         |    9.487|
SW<2>          |seg<2>         |    9.682|
SW<2>          |seg<3>         |    9.411|
SW<2>          |seg<4>         |   10.036|
SW<2>          |seg<5>         |    9.998|
SW<2>          |seg<6>         |    8.424|
SW<3>          |seg<0>         |    9.108|
SW<3>          |seg<1>         |    8.769|
SW<3>          |seg<2>         |   10.388|
SW<3>          |seg<3>         |   10.059|
SW<3>          |seg<4>         |    9.318|
SW<3>          |seg<5>         |    9.318|
SW<3>          |seg<6>         |    9.239|
SW<4>          |seg<0>         |    9.717|
SW<4>          |seg<1>         |    9.409|
SW<4>          |seg<2>         |   11.017|
SW<4>          |seg<3>         |   10.681|
SW<4>          |seg<4>         |    9.958|
SW<4>          |seg<5>         |    9.927|
SW<4>          |seg<6>         |    9.704|
SW<5>          |seg<0>         |    9.691|
SW<5>          |seg<1>         |    9.325|
SW<5>          |seg<2>         |    9.584|
SW<5>          |seg<3>         |    9.286|
SW<5>          |seg<4>         |    9.874|
SW<5>          |seg<5>         |    9.901|
SW<5>          |seg<6>         |    8.478|
SW<6>          |seg<0>         |   10.710|
SW<6>          |seg<1>         |   10.409|
SW<6>          |seg<2>         |   10.604|
SW<6>          |seg<3>         |   10.333|
SW<6>          |seg<4>         |   10.958|
SW<6>          |seg<5>         |   10.920|
SW<6>          |seg<6>         |    9.346|
SW<7>          |seg<0>         |    9.794|
SW<7>          |seg<1>         |    9.455|
SW<7>          |seg<2>         |   11.074|
SW<7>          |seg<3>         |   10.745|
SW<7>          |seg<4>         |   10.004|
SW<7>          |seg<5>         |   10.004|
SW<7>          |seg<6>         |    9.925|
---------------+---------------+---------+


Analysis completed Tue Jan 10 11:23:53 2017 
--------------------------------------------------------------------------------

Trace Settings:
-------------------------
Trace Settings 

Peak Memory Usage: 166 MB



