Release 14.4 - xst P.49d (nt64)
Copyright (c) 1995-2012 Xilinx, Inc.  All rights reserved.
--> Parameter TMPDIR set to xst/projnav.tmp


Total REAL time to Xst completion: 0.00 secs
Total CPU time to Xst completion: 0.12 secs
 
--> Parameter xsthdpdir set to xst


Total REAL time to Xst completion: 0.00 secs
Total CPU time to Xst completion: 0.12 secs
 
--> Reading design: URXD1B.prj

TABLE OF CONTENTS
  1) Synthesis Options Summary
  2) HDL Compilation
  3) Design Hierarchy Analysis
  4) HDL Analysis
  5) HDL Synthesis
     5.1) HDL Synthesis Report
  6) Advanced HDL Synthesis
     6.1) Advanced HDL Synthesis Report
  7) Low Level Synthesis
  8) Partition Report
  9) Final Report
	9.1) Device utilization summary
	9.2) Partition Resource Summary
	9.3) TIMING REPORT


=========================================================================
*                      Synthesis Options Summary                        *
=========================================================================
---- Source Parameters
Input File Name                    : "URXD1B.prj"
Input Format                       : mixed
Ignore Synthesis Constraint File   : NO

---- Target Parameters
Output File Name                   : "URXD1B"
Output Format                      : NGC
Target Device                      : xc3s500e-4-fg320

---- Source Options
Top Module Name                    : URXD1B
Automatic FSM Extraction           : YES
FSM Encoding Algorithm             : Auto
Safe Implementation                : No
FSM Style                          : LUT
RAM Extraction                     : Yes
RAM Style                          : Auto
ROM Extraction                     : Yes
Mux Style                          : Auto
Decoder Extraction                 : YES
Priority Encoder Extraction        : Yes
Shift Register Extraction          : YES
Logical Shifter Extraction         : YES
XOR Collapsing                     : YES
ROM Style                          : Auto
Mux Extraction                     : Yes
Resource Sharing                   : YES
Asynchronous To Synchronous        : NO
Multiplier Style                   : Auto
Automatic Register Balancing       : No

---- Target Options
Add IO Buffers                     : YES
Global Maximum Fanout              : 500
Add Generic Clock Buffer(BUFG)     : 24
Register Duplication               : YES
Slice Packing                      : YES
Optimize Instantiated Primitives   : NO
Use Clock Enable                   : Yes
Use Synchronous Set                : Yes
Use Synchronous Reset              : Yes
Pack IO Registers into IOBs        : Auto
Equivalent register Removal        : YES

---- General Options
Optimization Goal                  : Speed
Optimization Effort                : 1
Keep Hierarchy                     : No
Netlist Hierarchy                  : As_Optimized
RTL Output                         : Yes
Global Optimization                : AllClockNets
Read Cores                         : YES
Write Timing Constraints           : NO
Cross Clock Analysis               : NO
Hierarchy Separator                : /
Bus Delimiter                      : <>
Case Specifier                     : Maintain
Slice Utilization Ratio            : 100
BRAM Utilization Ratio             : 100
Verilog 2001                       : YES
Auto BRAM Packing                  : NO
Slice Utilization Ratio Delta      : 5

=========================================================================


=========================================================================
*                          HDL Compilation                              *
=========================================================================
Compiling verilog file "URXD1B.v" in library work
Module <URXD1B> compiled
No errors in compilation
Analysis of file <"URXD1B.prj"> succeeded.
 

=========================================================================
*                     Design Hierarchy Analysis                         *
=========================================================================
Analyzing hierarchy for module <URXD1B> in library <work> with parameters.
	Fclk = "00000010111110101111000010000000"
	Nt = "00000000000000000000000110110010"
	VEL = "00000000000000011100001000000000"


=========================================================================
*                            HDL Analysis                               *
=========================================================================
Analyzing top module <URXD1B>.
	Fclk = 32'sb00000010111110101111000010000000
	Nt = 32'sb00000000000000000000000110110010
	VEL = 32'sb00000000000000011100001000000000
Module <URXD1B> is correct for synthesis.
 

=========================================================================
*                           HDL Synthesis                               *
=========================================================================

Performing bidirectional port resolution...

Synthesizing Unit <URXD1B>.
    Related source file is "URXD1B.v".
    Found 1-bit register for signal <RXD>.
    Found 4-bit up counter for signal <cb_bit>.
    Found 1-bit register for signal <en_rx_byte>.
    Found 8-bit register for signal <sr_dat>.
    Found 16-bit up counter for signal <cb_tact>.
    Found 4-bit comparator greater for signal <T_dat$cmp_gt0000> created at line 43.
    Found 4-bit comparator less for signal <T_dat$cmp_lt0000> created at line 43.
    Found 1-bit register for signal <tRXD>.
    Summary:
	inferred   2 Counter(s).
	inferred  11 D-type flip-flop(s).
	inferred   2 Comparator(s).
Unit <URXD1B> synthesized.


=========================================================================
HDL Synthesis Report

Macro Statistics
# Counters                                             : 2
 16-bit up counter                                     : 1
 4-bit up counter                                      : 1
# Registers                                            : 4
 1-bit register                                        : 3
 8-bit register                                        : 1
# Comparators                                          : 2
 4-bit comparator greater                              : 1
 4-bit comparator less                                 : 1

=========================================================================

=========================================================================
*                       Advanced HDL Synthesis                          *
=========================================================================


=========================================================================
Advanced HDL Synthesis Report

Macro Statistics
# Counters                                             : 2
 16-bit up counter                                     : 1
 4-bit up counter                                      : 1
# Registers                                            : 11
 Flip-Flops                                            : 11
# Comparators                                          : 2
 4-bit comparator greater                              : 1
 4-bit comparator less                                 : 1

=========================================================================

=========================================================================
*                         Low Level Synthesis                           *
=========================================================================

Optimizing unit <URXD1B> ...

Mapping all equations...
Building and optimizing final netlist ...
Found area constraint ratio of 100 (+ 5) on block URXD1B, actual ratio is 0.
FlipFlop RXD has been replicated 1 time(s) to handle iob=true attribute.

Final Macro Processing ...

=========================================================================
Final Register Report

Macro Statistics
# Registers                                            : 32
 Flip-Flops                                            : 32

=========================================================================

=========================================================================
*                           Partition Report                            *
=========================================================================

Partition Implementation Status
-------------------------------

  No Partitions were found in this design.

-------------------------------

=========================================================================
*                            Final Report                               *
=========================================================================
Final Results
RTL Top Level Output File Name     : URXD1B.ngr
Top Level Output File Name         : URXD1B
Output Format                      : NGC
Optimization Goal                  : Speed
Keep Hierarchy                     : No

Design Statistics
# IOs                              : 23

Cell Usage :
# BELS                             : 76
#      GND                         : 1
#      INV                         : 2
#      LUT1                        : 15
#      LUT2                        : 4
#      LUT2_L                      : 2
#      LUT3                        : 3
#      LUT4                        : 14
#      LUT4_D                      : 2
#      LUT4_L                      : 1
#      MUXCY                       : 15
#      VCC                         : 1
#      XORCY                       : 16
# FlipFlops/Latches                : 32
#      FD                          : 3
#      FDR                         : 15
#      FDRE                        : 12
#      FDS                         : 1
#      FDSE                        : 1
# Clock Buffers                    : 1
#      BUFGP                       : 1
# IO Buffers                       : 22
#      IBUF                        : 1
#      OBUF                        : 21
=========================================================================

Device utilization summary:
---------------------------

Selected Device : 3s500efg320-4 

 Number of Slices:                       24  out of   4656     0%  
 Number of Slice Flip Flops:             31  out of   9312     0%  
 Number of 4 input LUTs:                 43  out of   9312     0%  
 Number of IOs:                          23
 Number of bonded IOBs:                  23  out of    232     9%  
    IOB Flip Flops:                       1
 Number of GCLKs:                         1  out of     24     4%  

---------------------------
Partition Resource Summary:
---------------------------

  No Partitions were found in this design.

---------------------------


=========================================================================
TIMING REPORT

NOTE: THESE TIMING NUMBERS ARE ONLY A SYNTHESIS ESTIMATE.
      FOR ACCURATE TIMING INFORMATION PLEASE REFER TO THE TRACE REPORT
      GENERATED AFTER PLACE-and-ROUTE.

Clock Information:
------------------
-----------------------------------+------------------------+-------+
Clock Signal                       | Clock buffer(FF name)  | Load  |
-----------------------------------+------------------------+-------+
clk                                | BUFGP                  | 32    |
-----------------------------------+------------------------+-------+

Asynchronous Control Signals Information:
----------------------------------------
No asynchronous control signals found in this design

Timing Summary:
---------------
Speed Grade: -4

   Minimum period: 6.406ns (Maximum Frequency: 156.104MHz)
   Minimum input arrival time before clock: 1.973ns
   Maximum output required time after clock: 9.554ns
   Maximum combinational path delay: No path found

Timing Detail:
--------------
All values displayed in nanoseconds (ns)

=========================================================================
Timing constraint: Default period analysis for Clock 'clk'
  Clock period: 6.406ns (frequency: 156.104MHz)
  Total number of paths / destination ports: 765 / 71
-------------------------------------------------------------------------
Delay:               6.406ns (Levels of Logic = 3)
  Source:            cb_tact_7 (FF)
  Destination:       cb_tact_2 (FF)
  Source Clock:      clk rising
  Destination Clock: clk rising

  Data Path: cb_tact_7 to cb_tact_2
                                Gate     Net
    Cell:in->out      fanout   Delay   Delay  Logical Name (Net Name)
    ----------------------------------------  ------------
     FDR:C->Q              2   0.591   0.622  cb_tact_7 (cb_tact_7)
     LUT4:I0->O            1   0.704   0.424  ce_bit18 (ce_bit18)
     LUT4:I3->O            7   0.704   0.712  ce_bit134 (N01)
     LUT4:I3->O           16   0.704   1.034  cb_tact_or00001 (cb_tact_or0000)
     FDR:R                     0.911          cb_tact_2
    ----------------------------------------
    Total                      6.406ns (3.614ns logic, 2.792ns route)
                                       (56.4% logic, 43.6% route)

=========================================================================
Timing constraint: Default OFFSET IN BEFORE for Clock 'clk'
  Total number of paths / destination ports: 2 / 2
-------------------------------------------------------------------------
Offset:              1.973ns (Levels of Logic = 1)
  Source:            Inp (PAD)
  Destination:       RXD (FF)
  Destination Clock: clk rising

  Data Path: Inp to RXD
                                Gate     Net
    Cell:in->out      fanout   Delay   Delay  Logical Name (Net Name)
    ----------------------------------------  ------------
     IBUF:I->O             2   1.218   0.447  Inp_IBUF (Inp_IBUF)
     FD:D                      0.308          RXD
    ----------------------------------------
    Total                      1.973ns (1.526ns logic, 0.447ns route)
                                       (77.3% logic, 22.7% route)

=========================================================================
Timing constraint: Default OFFSET OUT AFTER for Clock 'clk'
  Total number of paths / destination ports: 85 / 21
-------------------------------------------------------------------------
Offset:              9.554ns (Levels of Logic = 5)
  Source:            cb_tact_7 (FF)
  Destination:       ok_rx_byte (PAD)
  Source Clock:      clk rising

  Data Path: cb_tact_7 to ok_rx_byte
                                Gate     Net
    Cell:in->out      fanout   Delay   Delay  Logical Name (Net Name)
    ----------------------------------------  ------------
     FDR:C->Q              2   0.591   0.622  cb_tact_7 (cb_tact_7)
     LUT4:I0->O            1   0.704   0.424  ce_bit18 (ce_bit18)
     LUT4:I3->O            7   0.704   0.787  ce_bit134 (N01)
     LUT4:I1->O            2   0.704   0.622  ce_bit (ce_bit_OBUF)
     LUT4:I0->O            1   0.704   0.420  ok_rx_byte1 (ok_rx_byte_OBUF)
     OBUF:I->O                 3.272          ok_rx_byte_OBUF (ok_rx_byte)
    ----------------------------------------
    Total                      9.554ns (6.679ns logic, 2.875ns route)
                                       (69.9% logic, 30.1% route)

=========================================================================


Total REAL time to Xst completion: 5.00 secs
Total CPU time to Xst completion: 4.46 secs
 
--> 

Total memory usage is 252796 kilobytes

Number of errors   :    0 (   0 filtered)
Number of warnings :    0 (   0 filtered)
Number of infos    :    0 (   0 filtered)

