MO Sch_LAB404_1B NULL Sch_LAB404_1B.vf vlg3E/_sch___l_a_b404__1_b.bin 1484036590
MO URXD1B NULL URXD1B.v vlg1E/_u_r_x_d1_b.bin 1484036590
MO M2_1_MXILINX_Sch_LAB404_1B NULL Sch_LAB404_1B.vf vlg1C/_m2__1___m_x_i_l_i_n_x___sch___l_a_b404__1_b.bin 1484036590
MO DISPL NULL DISPL.v vlg20/_d_i_s_p_l.bin 1484036590
MO UTXD1B NULL UTXD1B.v vlg00/_u_t_x_d1_b.bin 1484036590
MO FD8RE_MXILINX_Sch_LAB404_1B NULL Sch_LAB404_1B.vf vlg56/_f_d8_r_e___m_x_i_l_i_n_x___sch___l_a_b404__1_b.bin 1484036590
