Release 14.4 - xst P.49d (nt64)
Copyright (c) 1995-2012 Xilinx, Inc.  All rights reserved.
--> Parameter TMPDIR set to xst/projnav.tmp


Total REAL time to Xst completion: 0.00 secs
Total CPU time to Xst completion: 0.08 secs
 
--> Parameter xsthdpdir set to xst


Total REAL time to Xst completion: 0.00 secs
Total CPU time to Xst completion: 0.08 secs
 
--> Reading design: RX_FSK_byte_Tocd.prj

TABLE OF CONTENTS
  1) Synthesis Options Summary
  2) HDL Compilation
  3) Design Hierarchy Analysis
  4) HDL Analysis
  5) HDL Synthesis
     5.1) HDL Synthesis Report
  6) Advanced HDL Synthesis
     6.1) Advanced HDL Synthesis Report
  7) Low Level Synthesis
  8) Partition Report
  9) Final Report
	9.1) Device utilization summary
	9.2) Partition Resource Summary
	9.3) TIMING REPORT


=========================================================================
*                      Synthesis Options Summary                        *
=========================================================================
---- Source Parameters
Input File Name                    : "RX_FSK_byte_Tocd.prj"
Input Format                       : mixed
Ignore Synthesis Constraint File   : NO

---- Target Parameters
Output File Name                   : "RX_FSK_byte_Tocd"
Output Format                      : NGC
Target Device                      : xc3s500e-5-fg320

---- Source Options
Top Module Name                    : RX_FSK_byte_Tocd
Automatic FSM Extraction           : YES
FSM Encoding Algorithm             : Auto
Safe Implementation                : No
FSM Style                          : LUT
RAM Extraction                     : Yes
RAM Style                          : Auto
ROM Extraction                     : Yes
Mux Style                          : Auto
Decoder Extraction                 : YES
Priority Encoder Extraction        : Yes
Shift Register Extraction          : YES
Logical Shifter Extraction         : YES
XOR Collapsing                     : YES
ROM Style                          : Auto
Mux Extraction                     : Yes
Resource Sharing                   : YES
Asynchronous To Synchronous        : NO
Multiplier Style                   : Auto
Automatic Register Balancing       : No

---- Target Options
Add IO Buffers                     : YES
Global Maximum Fanout              : 100000
Add Generic Clock Buffer(BUFG)     : 24
Register Duplication               : YES
Slice Packing                      : YES
Optimize Instantiated Primitives   : NO
Use Clock Enable                   : Yes
Use Synchronous Set                : Yes
Use Synchronous Reset              : Yes
Pack IO Registers into IOBs        : Auto
Equivalent register Removal        : YES

---- General Options
Optimization Goal                  : Speed
Optimization Effort                : 1
Keep Hierarchy                     : No
Netlist Hierarchy                  : As_Optimized
RTL Output                         : Yes
Global Optimization                : AllClockNets
Read Cores                         : YES
Write Timing Constraints           : NO
Cross Clock Analysis               : NO
Hierarchy Separator                : /
Bus Delimiter                      : <>
Case Specifier                     : Maintain
Slice Utilization Ratio            : 100
BRAM Utilization Ratio             : 100
Verilog 2001                       : YES
Auto BRAM Packing                  : NO
Slice Utilization Ratio Delta      : 5

=========================================================================


=========================================================================
*                          HDL Compilation                              *
=========================================================================
Compiling verilog file "MEM12x128.v" in library work
Compiling verilog file "Mes_AMP_SH.v" in library work
Module <MEM12x128> compiled
Compiling verilog file "URXD1B.v" in library work
Module <Mes_AMP_SH> compiled
Compiling verilog file "DET_FSK_bit_Tocd.v" in library work
Module <URXD1B> compiled
Compiling verilog file "RX_FSK_byte_Tocd.v" in library work
Module <DET_FSK_bit_Tocd> compiled
Module <RX_FSK_byte_Tocd> compiled
No errors in compilation
Analysis of file <"RX_FSK_byte_Tocd.prj"> succeeded.
 

=========================================================================
*                     Design Hierarchy Analysis                         *
=========================================================================
Analyzing hierarchy for module <RX_FSK_byte_Tocd> in library <work>.

Analyzing hierarchy for module <DET_FSK_bit_Tocd> in library <work> with parameters.
	Amin = "00000000000000000000000000101000"
	F1 = "00000000000000000000010010110000"
	Fadc = "00000000000000011101010011000000"
	Fclk = "00000010111110101111000010000000"
	NP = "00000000000000000000000001100100"
	Nref = "00000000000000000000000000011010"
	dREF = "00000000000000000000000000001010"

Analyzing hierarchy for module <URXD1B> in library <work> with parameters.
	F1 = "00000000000000000000010010110000"
	Fclk = "00000010111110101111000010000000"

Analyzing hierarchy for module <Mes_AMP_SH> in library <work> with parameters.
	F1 = "00000000000000000000010010110000"
	Fclk = "00000010111110101111000010000000"
	ND = "00000000000000000000000001100100"

Analyzing hierarchy for module <MEM12x128> in library <work>.


=========================================================================
*                            HDL Analysis                               *
=========================================================================
Analyzing top module <RX_FSK_byte_Tocd>.
Module <RX_FSK_byte_Tocd> is correct for synthesis.
 
Analyzing module <DET_FSK_bit_Tocd> in library <work>.
	Amin = 32'sb00000000000000000000000000101000
	F1 = 32'sb00000000000000000000010010110000
	Fadc = 32'sb00000000000000011101010011000000
	Fclk = 32'sb00000010111110101111000010000000
	NP = 32'sb00000000000000000000000001100100
	Nref = 32'sb00000000000000000000000000011010
	dREF = 32'sb00000000000000000000000000001010
Module <DET_FSK_bit_Tocd> is correct for synthesis.
 
Analyzing module <Mes_AMP_SH> in library <work>.
	F1 = 32'sb00000000000000000000010010110000
	Fclk = 32'sb00000010111110101111000010000000
	ND = 32'sb00000000000000000000000001100100
Module <Mes_AMP_SH> is correct for synthesis.
 
Analyzing module <MEM12x128> in library <work>.
INFO:Xst:2546 - "MEM12x128.v" line 31: reading initialization file "init_MEM12x128.txt".
Module <MEM12x128> is correct for synthesis.
 
Analyzing module <URXD1B> in library <work>.
	F1 = 32'sb00000000000000000000010010110000
	Fclk = 32'sb00000010111110101111000010000000
Module <URXD1B> is correct for synthesis.
 

=========================================================================
*                           HDL Synthesis                               *
=========================================================================

Performing bidirectional port resolution...

Synthesizing Unit <URXD1B>.
    Related source file is "URXD1B.v".
    Found 8-bit register for signal <rx_dat>.
    Found 1-bit register for signal <en_rx_byte>.
    Found 4-bit up counter for signal <cb_bit>.
    Found 16-bit up counter for signal <cb_tact>.
    Found 8-bit register for signal <sr_dat>.
    Found 4-bit comparator greatequal for signal <T_dat$cmp_ge0000> created at line 39.
    Found 4-bit comparator less for signal <T_dat$cmp_lt0000> created at line 39.
    Found 1-bit register for signal <tin>.
    Found 1-bit register for signal <ttin>.
    Summary:
	inferred   2 Counter(s).
	inferred  19 D-type flip-flop(s).
	inferred   2 Comparator(s).
Unit <URXD1B> synthesized.


Synthesizing Unit <MEM12x128>.
    Related source file is "MEM12x128.v".
    Found 128x12-bit dual-port RAM <Mram_MEM> for signal <MEM>.
    Summary:
	inferred   1 RAM(s).
Unit <MEM12x128> synthesized.


Synthesizing Unit <Mes_AMP_SH>.
    Related source file is "Mes_AMP_SH.v".
    Found 12-bit updown counter for signal <bf_AMP>.
    Found 12-bit updown counter for signal <bf_SH>.
    Found 7-bit subtractor for signal <Adr_rd>.
    Found 7-bit up counter for signal <Adr_wr>.
    Found 12-bit subtractor for signal <AMP$sub0000> created at line 51.
    Found 12-bit comparator greatequal for signal <bf_AMP$cmp_ge0000> created at line 60.
    Found 12-bit comparator greater for signal <bf_AMP$cmp_gt0000> created at line 60.
    Found 12-bit comparator lessequal for signal <bf_AMP$cmp_le0000> created at line 60.
    Found 12-bit comparator greatequal for signal <bf_SH$cmp_ge0000> created at line 59.
    Found 12-bit comparator greater for signal <bf_SH$cmp_gt0000> created at line 59.
    Found 12-bit comparator lessequal for signal <bf_SH$cmp_le0000> created at line 59.
    Found 11-bit up counter for signal <cb_ce>.
    Found 12-bit register for signal <PIC_max>.
    Found 12-bit comparator lessequal for signal <PIC_max$cmp_le0000> created at line 54.
    Found 12-bit register for signal <PIC_min>.
    Found 12-bit comparator greatequal for signal <PIC_min$cmp_ge0000> created at line 55.
    Found 12-bit adder carry out for signal <SH$addsub0000> created at line 50.
    Summary:
	inferred   4 Counter(s).
	inferred  24 D-type flip-flop(s).
	inferred   3 Adder/Subtractor(s).
	inferred   8 Comparator(s).
Unit <Mes_AMP_SH> synthesized.


Synthesizing Unit <DET_FSK_bit_Tocd>.
    Related source file is "DET_FSK_bit_Tocd.v".
    Found 1-bit register for signal <RX_bit>.
    Found 1-bit register for signal <FSK_en_rx>.
    Found 6-bit register for signal <Pic_T_OCD>.
    Found 1-bit register for signal <OCD>.
    Found 7-bit up counter for signal <cb_tact>.
    Found 6-bit register for signal <T_OCD_max>.
    Found 12-bit adder carry out for signal <add0000$addsub0000> created at line 69.
    Found 7-bit up counter for signal <cb_FSK_res>.
    Found 6-bit up counter for signal <cb_T_OCD>.
    Found 12-bit subtractor for signal <DFSK>.
    Found 12-bit adder for signal <mod_DFSK$addsub0000> created at line 55.
    Found 13-bit comparator greatequal for signal <OCD$cmp_ge0000> created at line 69.
    Found 14-bit comparator greater for signal <OCD$cmp_gt0000> created at line 69.
    Found 13-bit comparator less for signal <OCD$cmp_lt0000> created at line 69.
    Found 14-bit subtractor for signal <OCD$sub0000> created at line 69.
    Found 6-bit comparator less for signal <Pic_T_OCD$cmp_lt0000> created at line 74.
    Found 6-bit comparator lessequal for signal <RX_bit$cmp_le0000> created at line 76.
    Found 1-bit register for signal <tOCD>.
    Summary:
	inferred   3 Counter(s).
	inferred  16 D-type flip-flop(s).
	inferred   4 Adder/Subtractor(s).
	inferred   5 Comparator(s).
Unit <DET_FSK_bit_Tocd> synthesized.


Synthesizing Unit <RX_FSK_byte_Tocd>.
    Related source file is "RX_FSK_byte_Tocd.v".
Unit <RX_FSK_byte_Tocd> synthesized.


=========================================================================
HDL Synthesis Report

Macro Statistics
# RAMs                                                 : 1
 128x12-bit dual-port RAM                              : 1
# Adders/Subtractors                                   : 7
 12-bit adder                                          : 1
 12-bit adder carry out                                : 2
 12-bit subtractor                                     : 2
 14-bit subtractor                                     : 1
 7-bit subtractor                                      : 1
# Counters                                             : 9
 11-bit up counter                                     : 1
 12-bit updown counter                                 : 2
 16-bit up counter                                     : 1
 4-bit up counter                                      : 1
 6-bit up counter                                      : 1
 7-bit up counter                                      : 3
# Registers                                            : 13
 1-bit register                                        : 7
 12-bit register                                       : 2
 6-bit register                                        : 2
 8-bit register                                        : 2
# Comparators                                          : 15
 12-bit comparator greatequal                          : 3
 12-bit comparator greater                             : 2
 12-bit comparator lessequal                           : 3
 13-bit comparator greatequal                          : 1
 13-bit comparator less                                : 1
 14-bit comparator greater                             : 1
 4-bit comparator greatequal                           : 1
 4-bit comparator less                                 : 1
 6-bit comparator less                                 : 1
 6-bit comparator lessequal                            : 1

=========================================================================

=========================================================================
*                       Advanced HDL Synthesis                          *
=========================================================================


Synthesizing (advanced) Unit <MEM12x128>.
INFO:Xst:3218 - HDL ADVISOR - The RAM <Mram_MEM> will be implemented on LUTs either because you have described an asynchronous read or because of currently unsupported block RAM features. If you have described an asynchronous read, making it synchronous would allow you to take advantage of available block RAM resources, for optimized device usage and improved timings. Please refer to your documentation for coding guidelines.
    -----------------------------------------------------------------------
    | ram_type           | Distributed                         |          |
    -----------------------------------------------------------------------
    | Port A                                                              |
    |     aspect ratio   | 128-word x 12-bit                   |          |
    |     clkA           | connected to signal <clk>           | rise     |
    |     weA            | connected to signal <we>            | high     |
    |     addrA          | connected to signal <Adr_wr>        |          |
    |     diA            | connected to signal <DI>            |          |
    -----------------------------------------------------------------------
    | Port B                                                              |
    |     aspect ratio   | 128-word x 12-bit                   |          |
    |     addrB          | connected to signal <Adr_rd>        |          |
    |     doB            | connected to signal <DO>            |          |
    -----------------------------------------------------------------------
Unit <MEM12x128> synthesized (advanced).

=========================================================================
Advanced HDL Synthesis Report

Macro Statistics
# RAMs                                                 : 1
 128x12-bit dual-port distributed RAM                  : 1
# Adders/Subtractors                                   : 7
 12-bit adder                                          : 1
 12-bit adder carry out                                : 2
 12-bit subtractor                                     : 2
 14-bit subtractor                                     : 1
 7-bit subtractor                                      : 1
# Counters                                             : 9
 11-bit up counter                                     : 1
 12-bit updown counter                                 : 2
 16-bit up counter                                     : 1
 4-bit up counter                                      : 1
 6-bit up counter                                      : 1
 7-bit up counter                                      : 3
# Registers                                            : 59
 Flip-Flops                                            : 59
# Comparators                                          : 15
 12-bit comparator greatequal                          : 3
 12-bit comparator greater                             : 2
 12-bit comparator lessequal                           : 3
 13-bit comparator greatequal                          : 1
 13-bit comparator less                                : 1
 14-bit comparator greater                             : 1
 4-bit comparator greatequal                           : 1
 4-bit comparator less                                 : 1
 6-bit comparator less                                 : 1
 6-bit comparator lessequal                            : 1

=========================================================================

=========================================================================
*                         Low Level Synthesis                           *
=========================================================================

Optimizing unit <RX_FSK_byte_Tocd> ...

Optimizing unit <URXD1B> ...

Optimizing unit <Mes_AMP_SH> ...

Optimizing unit <DET_FSK_bit_Tocd> ...

Mapping all equations...
Building and optimizing final netlist ...
Found area constraint ratio of 100 (+ 5) on block RX_FSK_byte_Tocd, actual ratio is 4.
FlipFlop DD1/DD1/Adr_wr_2 has been replicated 2 time(s)
FlipFlop DD1/DD1/Adr_wr_3 has been replicated 2 time(s)

Final Macro Processing ...

=========================================================================
Final Register Report

Macro Statistics
# Registers                                            : 145
 Flip-Flops                                            : 145

=========================================================================

=========================================================================
*                           Partition Report                            *
=========================================================================

Partition Implementation Status
-------------------------------

  No Partitions were found in this design.

-------------------------------

=========================================================================
*                            Final Report                               *
=========================================================================
Final Results
RTL Top Level Output File Name     : RX_FSK_byte_Tocd.ngr
Top Level Output File Name         : RX_FSK_byte_Tocd
Output Format                      : NGC
Optimization Goal                  : Speed
Keep Hierarchy                     : No

Design Statistics
# IOs                              : 93

Cell Usage :
# BELS                             : 791
#      GND                         : 1
#      INV                         : 33
#      LUT1                        : 35
#      LUT2                        : 159
#      LUT2_L                      : 1
#      LUT3                        : 106
#      LUT4                        : 81
#      MULT_AND                    : 1
#      MUXCY                       : 215
#      MUXF5                       : 27
#      MUXF6                       : 12
#      VCC                         : 1
#      XORCY                       : 119
# FlipFlops/Latches                : 145
#      FD                          : 2
#      FDE                         : 90
#      FDR                         : 25
#      FDRE                        : 26
#      FDS                         : 2
# RAMS                             : 96
#      RAM16X1D                    : 96
# Clock Buffers                    : 1
#      BUFGP                       : 1
# IO Buffers                       : 92
#      IBUF                        : 12
#      OBUF                        : 80
=========================================================================

Device utilization summary:
---------------------------

Selected Device : 3s500efg320-5 

 Number of Slices:                      216  out of   4656     4%  
 Number of Slice Flip Flops:            145  out of   9312     1%  
 Number of 4 input LUTs:                607  out of   9312     6%  
    Number used as logic:               415
    Number used as RAMs:                192
 Number of IOs:                          93
 Number of bonded IOBs:                  93  out of    232    40%  
 Number of GCLKs:                         1  out of     24     4%  

---------------------------
Partition Resource Summary:
---------------------------

  No Partitions were found in this design.

---------------------------


=========================================================================
TIMING REPORT

NOTE: THESE TIMING NUMBERS ARE ONLY A SYNTHESIS ESTIMATE.
      FOR ACCURATE TIMING INFORMATION PLEASE REFER TO THE TRACE REPORT
      GENERATED AFTER PLACE-and-ROUTE.

Clock Information:
------------------
-----------------------------------+------------------------+-------+
Clock Signal                       | Clock buffer(FF name)  | Load  |
-----------------------------------+------------------------+-------+
clk                                | BUFGP                  | 241   |
-----------------------------------+------------------------+-------+

Asynchronous Control Signals Information:
----------------------------------------
No asynchronous control signals found in this design

Timing Summary:
---------------
Speed Grade: -5

   Minimum period: 14.247ns (Maximum Frequency: 70.189MHz)
   Minimum input arrival time before clock: 6.253ns
   Maximum output required time after clock: 14.583ns
   Maximum combinational path delay: No path found

Timing Detail:
--------------
All values displayed in nanoseconds (ns)

=========================================================================
Timing constraint: Default period analysis for Clock 'clk'
  Clock period: 14.247ns (frequency: 70.189MHz)
  Total number of paths / destination ports: 461419 / 1177
-------------------------------------------------------------------------
Delay:               14.247ns (Levels of Logic = 23)
  Source:            DD1/DD1/Adr_wr_2_1 (FF)
  Destination:       DD1/OCD (FF)
  Source Clock:      clk rising
  Destination Clock: clk rising

  Data Path: DD1/DD1/Adr_wr_2_1 to DD1/OCD
                                Gate     Net
    Cell:in->out      fanout   Delay   Delay  Logical Name (Net Name)
    ----------------------------------------  ------------
     FDE:C->Q              7   0.514   0.671  DD1/DD1/Adr_wr_2_1 (DD1/DD1/Adr_wr_2_1)
     LUT2:I1->O           18   0.612   0.908  DD1/DD1/Msub_Adr_rd_xor<3>11_1 (DD1/DD1/Msub_Adr_rd_xor<3>11)
     RAM16X1D:DPRA3->DPO    1   0.612   0.426  DD1/DD1/DD2/Mram_MEM7 (DD1/DD1/N23)
     LUT3:I1->O            1   0.612   0.000  DD1/DD1/inst_LPM_MUX_4 (DD1/DD1/inst_LPM_MUX_4)
     MUXF5:I1->O           1   0.278   0.000  DD1/DD1/inst_LPM_MUX_3_f5 (DD1/DD1/inst_LPM_MUX_3_f5)
     MUXF6:I1->O           2   0.451   0.449  DD1/DD1/inst_LPM_MUX_2_f6 (DFSK_SH_0_OBUF)
     LUT2:I1->O            1   0.612   0.000  DD1/Msub_DFSK_lut<0> (DD1/Msub_DFSK_lut<0>)
     MUXCY:S->O            1   0.404   0.000  DD1/Msub_DFSK_cy<0> (DD1/Msub_DFSK_cy<0>)
     MUXCY:CI->O           1   0.051   0.000  DD1/Msub_DFSK_cy<1> (DD1/Msub_DFSK_cy<1>)
     MUXCY:CI->O           1   0.051   0.000  DD1/Msub_DFSK_cy<2> (DD1/Msub_DFSK_cy<2>)
     MUXCY:CI->O           1   0.051   0.000  DD1/Msub_DFSK_cy<3> (DD1/Msub_DFSK_cy<3>)
     MUXCY:CI->O           1   0.051   0.000  DD1/Msub_DFSK_cy<4> (DD1/Msub_DFSK_cy<4>)
     MUXCY:CI->O           1   0.051   0.000  DD1/Msub_DFSK_cy<5> (DD1/Msub_DFSK_cy<5>)
     MUXCY:CI->O           1   0.051   0.000  DD1/Msub_DFSK_cy<6> (DD1/Msub_DFSK_cy<6>)
     MUXCY:CI->O           1   0.051   0.000  DD1/Msub_DFSK_cy<7> (DD1/Msub_DFSK_cy<7>)
     MUXCY:CI->O           1   0.051   0.000  DD1/Msub_DFSK_cy<8> (DD1/Msub_DFSK_cy<8>)
     XORCY:CI->O           4   0.699   0.499  DD1/Msub_DFSK_xor<9> (DD1/DFSK<9>)
     INV:I->O              1   0.612   0.000  DD1/Madd_mod_DFSK_not0000<9>1_INV_0 (DD1/Madd_mod_DFSK_not0000<9>)
     MUXCY:S->O            1   0.404   0.000  DD1/Madd_mod_DFSK_addsub0000_cy<9> (DD1/Madd_mod_DFSK_addsub0000_cy<9>)
     XORCY:CI->O           3   0.699   0.481  DD1/Madd_mod_DFSK_addsub0000_xor<10> (DD1/mod_DFSK_addsub0000<10>)
     LUT3:I2->O            1   0.612   0.357  DD1/mod_DFSK<10>1 (mod_DFSK_10_OBUF)
     MUXCY:DI->O           1   0.773   0.000  DD1/Mcompar_OCD_cmp_lt0000_cy<10> (DD1/Mcompar_OCD_cmp_lt0000_cy<10>)
     MUXCY:CI->O           2   0.289   0.410  DD1/Mcompar_OCD_cmp_lt0000_cy<11> (DD1/Mcompar_OCD_cmp_lt0000_cy<11>)
     LUT3:I2->O            1   0.612   0.357  DD1/OCD_not00011 (DD1/OCD_not0001)
     FDE:CE                    0.483          DD1/OCD
    ----------------------------------------
    Total                     14.247ns (9.690ns logic, 4.558ns route)
                                       (68.0% logic, 32.0% route)

=========================================================================
Timing constraint: Default OFFSET IN BEFORE for Clock 'clk'
  Total number of paths / destination ports: 552 / 144
-------------------------------------------------------------------------
Offset:              6.253ns (Levels of Logic = 15)
  Source:            FSK_SH<0> (PAD)
  Destination:       DD1/DD1/PIC_min_0 (FF)
  Destination Clock: clk rising

  Data Path: FSK_SH<0> to DD1/DD1/PIC_min_0
                                Gate     Net
    Cell:in->out      fanout   Delay   Delay  Logical Name (Net Name)
    ----------------------------------------  ------------
     IBUF:I->O            11   1.106   0.945  FSK_SH_0_IBUF (FSK_SH_0_IBUF)
     LUT2:I0->O            1   0.612   0.000  DD1/DD1/Mcompar_PIC_min_cmp_ge0000_lut<0> (DD1/DD1/Mcompar_PIC_min_cmp_ge0000_lut<0>)
     MUXCY:S->O            1   0.404   0.000  DD1/DD1/Mcompar_PIC_min_cmp_ge0000_cy<0> (DD1/DD1/Mcompar_PIC_min_cmp_ge0000_cy<0>)
     MUXCY:CI->O           1   0.052   0.000  DD1/DD1/Mcompar_PIC_min_cmp_ge0000_cy<1> (DD1/DD1/Mcompar_PIC_min_cmp_ge0000_cy<1>)
     MUXCY:CI->O           1   0.052   0.000  DD1/DD1/Mcompar_PIC_min_cmp_ge0000_cy<2> (DD1/DD1/Mcompar_PIC_min_cmp_ge0000_cy<2>)
     MUXCY:CI->O           1   0.052   0.000  DD1/DD1/Mcompar_PIC_min_cmp_ge0000_cy<3> (DD1/DD1/Mcompar_PIC_min_cmp_ge0000_cy<3>)
     MUXCY:CI->O           1   0.052   0.000  DD1/DD1/Mcompar_PIC_min_cmp_ge0000_cy<4> (DD1/DD1/Mcompar_PIC_min_cmp_ge0000_cy<4>)
     MUXCY:CI->O           1   0.052   0.000  DD1/DD1/Mcompar_PIC_min_cmp_ge0000_cy<5> (DD1/DD1/Mcompar_PIC_min_cmp_ge0000_cy<5>)
     MUXCY:CI->O           1   0.052   0.000  DD1/DD1/Mcompar_PIC_min_cmp_ge0000_cy<6> (DD1/DD1/Mcompar_PIC_min_cmp_ge0000_cy<6>)
     MUXCY:CI->O           1   0.052   0.000  DD1/DD1/Mcompar_PIC_min_cmp_ge0000_cy<7> (DD1/DD1/Mcompar_PIC_min_cmp_ge0000_cy<7>)
     MUXCY:CI->O           1   0.052   0.000  DD1/DD1/Mcompar_PIC_min_cmp_ge0000_cy<8> (DD1/DD1/Mcompar_PIC_min_cmp_ge0000_cy<8>)
     MUXCY:CI->O           1   0.052   0.000  DD1/DD1/Mcompar_PIC_min_cmp_ge0000_cy<9> (DD1/DD1/Mcompar_PIC_min_cmp_ge0000_cy<9>)
     MUXCY:CI->O           1   0.052   0.000  DD1/DD1/Mcompar_PIC_min_cmp_ge0000_cy<10> (DD1/DD1/Mcompar_PIC_min_cmp_ge0000_cy<10>)
     MUXCY:CI->O           1   0.399   0.360  DD1/DD1/Mcompar_PIC_min_cmp_ge0000_cy<11> (DD1/DD1/PIC_min_cmp_ge0000)
     LUT4:I3->O           12   0.612   0.817  DD1/DD1/PIC_min_not00011 (DD1/DD1/PIC_min_not0001)
     FDE:CE                    0.483          DD1/DD1/PIC_min_0
    ----------------------------------------
    Total                      6.253ns (4.132ns logic, 2.122ns route)
                                       (66.1% logic, 33.9% route)

=========================================================================
Timing constraint: Default OFFSET OUT AFTER for Clock 'clk'
  Total number of paths / destination ports: 77983 / 80
-------------------------------------------------------------------------
Offset:              14.583ns (Levels of Logic = 22)
  Source:            DD1/DD1/Adr_wr_2_1 (FF)
  Destination:       mod_DFSK<11> (PAD)
  Source Clock:      clk rising

  Data Path: DD1/DD1/Adr_wr_2_1 to mod_DFSK<11>
                                Gate     Net
    Cell:in->out      fanout   Delay   Delay  Logical Name (Net Name)
    ----------------------------------------  ------------
     FDE:C->Q              7   0.514   0.671  DD1/DD1/Adr_wr_2_1 (DD1/DD1/Adr_wr_2_1)
     LUT2:I1->O           18   0.612   0.908  DD1/DD1/Msub_Adr_rd_xor<3>11_1 (DD1/DD1/Msub_Adr_rd_xor<3>11)
     RAM16X1D:DPRA3->DPO    1   0.612   0.426  DD1/DD1/DD2/Mram_MEM7 (DD1/DD1/N23)
     LUT3:I1->O            1   0.612   0.000  DD1/DD1/inst_LPM_MUX_4 (DD1/DD1/inst_LPM_MUX_4)
     MUXF5:I1->O           1   0.278   0.000  DD1/DD1/inst_LPM_MUX_3_f5 (DD1/DD1/inst_LPM_MUX_3_f5)
     MUXF6:I1->O           2   0.451   0.449  DD1/DD1/inst_LPM_MUX_2_f6 (DFSK_SH_0_OBUF)
     LUT2:I1->O            1   0.612   0.000  DD1/Msub_DFSK_lut<0> (DD1/Msub_DFSK_lut<0>)
     MUXCY:S->O            1   0.404   0.000  DD1/Msub_DFSK_cy<0> (DD1/Msub_DFSK_cy<0>)
     MUXCY:CI->O           1   0.052   0.000  DD1/Msub_DFSK_cy<1> (DD1/Msub_DFSK_cy<1>)
     MUXCY:CI->O           1   0.051   0.000  DD1/Msub_DFSK_cy<2> (DD1/Msub_DFSK_cy<2>)
     MUXCY:CI->O           1   0.051   0.000  DD1/Msub_DFSK_cy<3> (DD1/Msub_DFSK_cy<3>)
     MUXCY:CI->O           1   0.051   0.000  DD1/Msub_DFSK_cy<4> (DD1/Msub_DFSK_cy<4>)
     MUXCY:CI->O           1   0.051   0.000  DD1/Msub_DFSK_cy<5> (DD1/Msub_DFSK_cy<5>)
     MUXCY:CI->O           1   0.051   0.000  DD1/Msub_DFSK_cy<6> (DD1/Msub_DFSK_cy<6>)
     MUXCY:CI->O           1   0.051   0.000  DD1/Msub_DFSK_cy<7> (DD1/Msub_DFSK_cy<7>)
     MUXCY:CI->O           1   0.051   0.000  DD1/Msub_DFSK_cy<8> (DD1/Msub_DFSK_cy<8>)
     MUXCY:CI->O           1   0.051   0.000  DD1/Msub_DFSK_cy<9> (DD1/Msub_DFSK_cy<9>)
     XORCY:CI->O           4   0.699   0.499  DD1/Msub_DFSK_xor<10> (DD1/DFSK<10>)
     INV:I->O              1   0.612   0.000  DD1/Madd_mod_DFSK_not0000<10>1_INV_0 (DD1/Madd_mod_DFSK_not0000<10>)
     MUXCY:S->O            0   0.404   0.000  DD1/Madd_mod_DFSK_addsub0000_cy<10> (DD1/Madd_mod_DFSK_addsub0000_cy<10>)
     XORCY:CI->O           3   0.699   0.520  DD1/Madd_mod_DFSK_addsub0000_xor<11> (DD1/mod_DFSK<11>_mand)
     LUT2:I1->O            1   0.612   0.357  DD1/mod_DFSK<11>1 (mod_DFSK_11_OBUF)
     OBUF:I->O                 3.169          mod_DFSK_11_OBUF (mod_DFSK<11>)
    ----------------------------------------
    Total                     14.583ns (10.754ns logic, 3.830ns route)
                                       (73.7% logic, 26.3% route)

=========================================================================


Total REAL time to Xst completion: 6.00 secs
Total CPU time to Xst completion: 6.29 secs
 
--> 

Total memory usage is 275104 kilobytes

Number of errors   :    0 (   0 filtered)
Number of warnings :    1 (   0 filtered)
Number of infos    :    2 (   0 filtered)

