--------------------------------------------------------------------------------
Release 14.4 Trace  (nt64)
Copyright (c) 1995-2012 Xilinx, Inc.  All rights reserved.

C:\Xilinx\14.4\ISE_DS\ISE\bin\nt64\unwrapped\trce.exe -intstyle ise -v 3 -s 5
-n 3 -fastpaths -xml V_Sch_Lab414_TS95.twx V_Sch_Lab414_TS95.ncd -o
V_Sch_Lab414_TS95.twr V_Sch_Lab414_TS95.pcf -ucf V_Sch_Lab414_TS95.ucf

Design file:              V_Sch_Lab414_TS95.ncd
Physical constraint file: V_Sch_Lab414_TS95.pcf
Device,package,speed:     xc3s500e,fg320,-5 (PRODUCTION 1.27 2012-12-04)
Report level:             verbose report

Environment Variable      Effect 
--------------------      ------ 
NONE                      No environment variables were set
--------------------------------------------------------------------------------

INFO:Timing:2698 - No timing constraints found, doing default enumeration.
INFO:Timing:3412 - To improve timing, see the Timing Closure User Guide (UG612).
INFO:Timing:2752 - To get complete path coverage, use the unconstrained paths 
   option. All paths that are not constrained will be reported in the 
   unconstrained paths section(s) of the report.
INFO:Timing:3339 - The clock-to-out numbers in this timing report are based on 
   a 50 Ohm transmission line loading model.  For the details of this model, 
   and for more information on accounting for different loading conditions, 
   please see the device datasheet.
INFO:Timing:3390 - This architecture does not support a default System Jitter 
   value, please add SYSTEM_JITTER constraint to the UCF to modify the Clock 
   Uncertainty calculation.
INFO:Timing:3389 - This architecture does not support 'Discrete Jitter' and 
   'Phase Error' calculations, these terms will be zero in the Clock 
   Uncertainty calculation.  Please make appropriate modification to 
   SYSTEM_JITTER to account for the unsupported Discrete Jitter and Phase 
   Error.



Data Sheet report:
-----------------
All values displayed in nanoseconds (ns)

Setup/Hold to clock F50MHz
------------+------------+------------+------------------+--------+
            |Max Setup to|Max Hold to |                  | Clock  |
Source      | clk (edge) | clk (edge) |Internal Clock(s) | Phase  |
------------+------------+------------+------------------+--------+
BTN0        |    2.280(R)|   -0.703(R)|clk               |   0.000|
BTN1        |   11.948(R)|   -1.743(R)|clk               |   0.000|
BTN2        |   11.855(R)|   -1.524(R)|clk               |   0.000|
BTN3        |    2.024(R)|   -0.495(R)|clk               |   0.000|
JC8         |    1.354(R)|    0.034(R)|clk               |   0.000|
JC9         |    0.770(R)|    0.503(R)|clk               |   0.000|
SW<0>       |    0.885(R)|    0.419(R)|clk               |   0.000|
SW<1>       |    0.724(R)|    0.547(R)|clk               |   0.000|
SW<2>       |    0.254(R)|    0.924(R)|clk               |   0.000|
SW<3>       |    0.731(R)|    0.543(R)|clk               |   0.000|
SW<4>       |    0.360(R)|    0.837(R)|clk               |   0.000|
SW<5>       |   -0.022(R)|    1.143(R)|clk               |   0.000|
SW<6>       |    0.438(R)|    0.781(R)|clk               |   0.000|
SW<7>       |    0.572(R)|    0.674(R)|clk               |   0.000|
------------+------------+------------+------------------+--------+

Clock F50MHz to Pad
------------+------------+------------------+--------+
            | clk (edge) |                  | Clock  |
Destination |   to PAD   |Internal Clock(s) | Phase  |
------------+------------+------------------+--------+
AN<0>       |    9.352(R)|clk               |   0.000|
AN<1>       |    8.876(R)|clk               |   0.000|
AN<2>       |    8.904(R)|clk               |   0.000|
AN<3>       |    8.350(R)|clk               |   0.000|
JA8         |    7.053(R)|clk               |   0.000|
JA9         |    8.419(R)|clk               |   0.000|
JA10        |    7.188(R)|clk               |   0.000|
JB1         |    7.800(R)|clk               |   0.000|
JB2         |    9.528(R)|clk               |   0.000|
JB3         |    9.438(R)|clk               |   0.000|
JB4         |    9.463(R)|clk               |   0.000|
JC7         |    9.412(R)|clk               |   0.000|
JC10        |    6.527(R)|clk               |   0.000|
JD1         |    8.974(R)|clk               |   0.000|
JD2         |    8.224(R)|clk               |   0.000|
JD3         |    8.466(R)|clk               |   0.000|
JD4         |   12.019(R)|clk               |   0.000|
LED<0>      |   10.967(R)|clk               |   0.000|
LED<1>      |   11.138(R)|clk               |   0.000|
LED<2>      |   10.812(R)|clk               |   0.000|
LED<3>      |   12.653(R)|clk               |   0.000|
LED<4>      |   11.019(R)|clk               |   0.000|
LED<5>      |   11.114(R)|clk               |   0.000|
LED<6>      |   10.819(R)|clk               |   0.000|
LED<7>      |   10.722(R)|clk               |   0.000|
seg<0>      |   13.365(R)|clk               |   0.000|
seg<1>      |   13.236(R)|clk               |   0.000|
seg<2>      |   13.837(R)|clk               |   0.000|
seg<3>      |   13.572(R)|clk               |   0.000|
seg<4>      |   13.266(R)|clk               |   0.000|
seg<5>      |   13.514(R)|clk               |   0.000|
seg<6>      |   12.988(R)|clk               |   0.000|
seg_P       |    8.736(R)|clk               |   0.000|
------------+------------+------------------+--------+

Clock to Setup on destination clock F50MHz
---------------+---------+---------+---------+---------+
               | Src:Rise| Src:Fall| Src:Rise| Src:Fall|
Source Clock   |Dest:Rise|Dest:Rise|Dest:Fall|Dest:Fall|
---------------+---------+---------+---------+---------+
F50MHz         |   17.159|         |         |         |
---------------+---------+---------+---------+---------+

Pad to Pad
---------------+---------------+---------+
Source Pad     |Destination Pad|  Delay  |
---------------+---------------+---------+
BTN1           |seg<0>         |   13.100|
BTN1           |seg<1>         |   13.562|
BTN1           |seg<2>         |   13.572|
BTN1           |seg<3>         |   13.307|
BTN1           |seg<4>         |   13.560|
BTN1           |seg<5>         |   13.757|
BTN1           |seg<6>         |   13.282|
BTN1           |seg_P          |    6.998|
BTN2           |seg<0>         |   13.926|
BTN2           |seg<1>         |   13.362|
BTN2           |seg<2>         |   14.398|
BTN2           |seg<3>         |   14.133|
BTN2           |seg<4>         |   13.360|
BTN2           |seg<5>         |   13.569|
BTN2           |seg<6>         |   13.082|
BTN2           |seg_P          |    7.051|
SW<0>          |seg<0>         |    9.394|
SW<0>          |seg<1>         |    8.788|
SW<0>          |seg<2>         |    9.416|
SW<0>          |seg<3>         |    9.157|
SW<0>          |seg<4>         |    8.929|
SW<0>          |seg<5>         |    9.148|
SW<0>          |seg<6>         |    8.651|
SW<1>          |seg<0>         |    9.887|
SW<1>          |seg<1>         |    9.231|
SW<1>          |seg<2>         |   10.359|
SW<1>          |seg<3>         |   10.094|
SW<1>          |seg<4>         |    9.277|
SW<1>          |seg<5>         |    9.530|
SW<1>          |seg<6>         |    8.999|
SW<2>          |seg<0>         |   10.525|
SW<2>          |seg<1>         |   10.753|
SW<2>          |seg<2>         |   10.222|
SW<2>          |seg<3>         |    9.990|
SW<2>          |seg<4>         |   10.932|
SW<2>          |seg<5>         |   11.180|
SW<2>          |seg<6>         |   10.654|
SW<3>          |seg<0>         |   11.548|
SW<3>          |seg<1>         |   12.041|
SW<3>          |seg<2>         |   11.369|
SW<3>          |seg<3>         |   11.160|
SW<3>          |seg<4>         |   12.039|
SW<3>          |seg<5>         |   12.236|
SW<3>          |seg<6>         |   11.761|
SW<4>          |seg<0>         |   11.142|
SW<4>          |seg<1>         |   10.536|
SW<4>          |seg<2>         |   11.164|
SW<4>          |seg<3>         |   10.905|
SW<4>          |seg<4>         |   10.677|
SW<4>          |seg<5>         |   10.896|
SW<4>          |seg<6>         |   10.399|
SW<5>          |seg<0>         |   11.365|
SW<5>          |seg<1>         |   10.709|
SW<5>          |seg<2>         |   11.837|
SW<5>          |seg<3>         |   11.572|
SW<5>          |seg<4>         |   10.755|
SW<5>          |seg<5>         |   11.008|
SW<5>          |seg<6>         |   10.477|
SW<6>          |seg<0>         |   11.986|
SW<6>          |seg<1>         |   12.214|
SW<6>          |seg<2>         |   11.683|
SW<6>          |seg<3>         |   11.451|
SW<6>          |seg<4>         |   12.393|
SW<6>          |seg<5>         |   12.641|
SW<6>          |seg<6>         |   12.115|
SW<7>          |seg<0>         |   12.824|
SW<7>          |seg<1>         |   13.317|
SW<7>          |seg<2>         |   12.645|
SW<7>          |seg<3>         |   12.436|
SW<7>          |seg<4>         |   13.315|
SW<7>          |seg<5>         |   13.512|
SW<7>          |seg<6>         |   13.037|
---------------+---------------+---------+


Analysis completed Tue Jan 16 08:52:11 2018 
--------------------------------------------------------------------------------

Trace Settings:
-------------------------
Trace Settings 

Peak Memory Usage: 183 MB



