MO Mes_AMP_SH NULL Mes_AMP_SH.v vlg64/_mes___a_m_p___s_h.bin 1516201170
MO S_Sch_Lab414_TS NULL S_Sch_Lab414_TS.vf vlg05/_s___sch___lab414___t_s.bin 1516201170
MO ADC_95 NULL ADC_95.v vlg49/_a_d_c__95.bin 1516201170
MO RX_FSK_byte_Tocd NULL RX_FSK_byte_Tocd.v vlg49/_r_x___f_s_k__byte___tocd.bin 1516201170
MO Gen_Tce NULL Gen_Tce.v vlg61/_gen___tce.bin 1516201170
MO Test_DET_FSK_bit NULL Test_DET_FSK_bit.v vlg71/_test___d_e_t___f_s_k__bit.bin 1516092140
MO Gen_FSK_UART_byte NULL Gen_FSK_UART_byte.v vlg77/_gen___f_s_k___u_a_r_t__byte.bin 1516200624
MO Gen_FSK_Byte NULL Gen_FSK_Byte.v vlg50/_gen___f_s_k___byte.bin 1516201170
MO SPI_DAC8512 NULL SPI_DAC8512.v vlg3F/_s_p_i___d_a_c8512.bin 1513576189
MO Gen_SIN NULL Gen_SIN.v vlg2F/_gen___s_i_n.bin 1516092140
MO MUX_FSK NULL MUX_FSK.v vlg49/_m_u_x___f_s_k.bin 1516201170
MO RX_FSK_byte_Nocd NULL RX_FSK_byte_Nocd.v vlg5B/_r_x___f_s_k__byte___nocd.bin 1513521154
MO URXD1B NULL URXD1B.v vlg1E/_u_r_x_d1_b.bin 1516201170
MO SPI_AD7893 NULL SPI_AD7893.v vlg57/_s_p_i___a_d7893.bin 1513576189
MO SPI_AD7895 NULL SPI_AD7895.v vlg59/_s_p_i___a_d7895.bin 1516201170
MO V_Sch_Lab414_T95 NULL V_Sch_Lab414_T95.v vlg73/_v___sch___lab414___t95.bin 1516200624
MO Gen_Fce NULL Gen_Fce.v vlg03/_gen___fce.bin 1513534350
MO Gen_ce NULL Gen_ce.v vlg19/_gen__ce.bin 1513534350
MO V_Sch_Lab414_TS95 NULL V_Sch_Lab414_TS95.v vlg12/_v___sch___lab414___t_s95.bin 1516081890
MO Gen_PW_1bit NULL Gen_PW_1bit.v vlg0B/_gen___p_w__1bit.bin 1516201170
MO MULT_5000_DIV_4096 NULL MULT_5000_DIV_4096.v vlg6E/_m_u_l_t__5000___d_i_v__4096.bin 1516201170
MO LED_BL NULL LED_BL.v vlg42/_l_e_d___b_l.bin 1516201170
MO BTN_REG_AMP NULL BTN_REG_AMP.v vlg26/_b_t_n___r_e_g___a_m_p.bin 1516201170
MO DET_FSK_bit NULL DET_FSK_bit.v vlg1A/_d_e_t___f_s_k__bit.bin 1513533272
MO ADC NULL ADC.v vlg70/_a_d_c.bin 1513576189
MO SPI_DAC8043 NULL SPI_DAC8043.v vlg52/_s_p_i___d_a_c8043.bin 1516201170
MO FSK_RXD NULL FSK_RXD.v vlg21/_f_s_k___r_x_d.bin 1516201170
MO MUX_dat NULL MUX_dat.v vlg26/_m_u_x__dat.bin 1516201170
MO MEM12x128 NULL MEM12x128.v vlg4D/_m_e_m12x128.bin 1516201170
MO Test_Gen_ce NULL Test_Gen_ce.v vlg74/_test___gen__ce.bin 1513534350
MO UTXD1B NULL UTXD1B.v vlg00/_u_t_x_d1_b.bin 1516201170
MO Test_RX_FSK_byte_Tocd NULL Test_RX_FSK_byte_Tocd.v vlg4C/_test___r_x___f_s_k__byte___tocd.bin 1516091201
MO DISPLAY NULL DISPLAY.v vlg3E/_d_i_s_p_l_a_y.bin 1516201170
MO DET_FSK_bit_Tocd NULL DET_FSK_bit_Tocd.v vlg7F/_d_e_t___f_s_k__bit___tocd.bin 1516201170
MO BIN12_to_DEC4 NULL BIN12_to_DEC4.v vlg31/_b_i_n12__to___d_e_c4.bin 1516201170
MO V_Sch_Lab414_TS NULL V_Sch_Lab414_TS.v vlg40/_v___sch___lab414___t_s.bin 1516004798
MO Gen_FSK_1bit NULL Gen_FSK_1bit.v vlg1C/_gen___f_s_k__1bit.bin 1516201170
MO DET_FSK_bit_Nocd NULL DET_FSK_bit_Nocd.v vlg11/_d_e_t___f_s_k__bit___nocd.bin 1513521154
